Component: ARM Compiler 5.06 update 7 (build 960) Tool: armlink [4d3601]

==============================================================================

Section Cross References

    startup_stm32f405xx.o(RESET) refers to startup_stm32f405xx.o(STACK) for __initial_sp
    startup_stm32f405xx.o(RESET) refers to startup_stm32f405xx.o(.text) for Reset_Handler
    startup_stm32f405xx.o(RESET) refers to stm32f4xx_it.o(i.NMI_Handler) for NMI_Handler
    startup_stm32f405xx.o(RESET) refers to stm32f4xx_it.o(i.HardFault_Handler) for HardFault_Handler
    startup_stm32f405xx.o(RESET) refers to stm32f4xx_it.o(i.MemManage_Handler) for MemManage_Handler
    startup_stm32f405xx.o(RESET) refers to stm32f4xx_it.o(i.BusFault_Handler) for BusFault_Handler
    startup_stm32f405xx.o(RESET) refers to stm32f4xx_it.o(i.UsageFault_Handler) for UsageFault_Handler
    startup_stm32f405xx.o(RESET) refers to stm32f4xx_it.o(i.SVC_Handler) for SVC_Handler
    startup_stm32f405xx.o(RESET) refers to stm32f4xx_it.o(i.DebugMon_Handler) for DebugMon_Handler
    startup_stm32f405xx.o(RESET) refers to stm32f4xx_it.o(i.PendSV_Handler) for PendSV_Handler
    startup_stm32f405xx.o(RESET) refers to stm32f4xx_it.o(i.SysTick_Handler) for SysTick_Handler
    startup_stm32f405xx.o(RESET) refers to usart.o(i.USART1_IRQHandler) for USART1_IRQHandler
    startup_stm32f405xx.o(RESET) refers to btim.o(i.TIM6_DAC_IRQHandler) for TIM6_DAC_IRQHandler
    startup_stm32f405xx.o(.text) refers to system_stm32f4xx.o(i.SystemInit) for SystemInit
    startup_stm32f405xx.o(.text) refers to entry.o(.ARM.Collect$$$$00000000) for __main
    stm32f4xx_it.o(i.SysTick_Handler) refers to stm32f4xx_hal.o(i.HAL_IncTick) for HAL_IncTick
    system_stm32f4xx.o(i.SystemCoreClockUpdate) refers to system_stm32f4xx.o(.data) for .data
    system_stm32f4xx.o(i.SystemCoreClockUpdate) refers to system_stm32f4xx.o(.constdata) for .constdata
    main.o(i.main) refers to api_schedule.o(i.PeachOSRun) for PeachOSRun
    delay.o(i.HAL_Delay) refers to delay.o(i.delay_ms) for delay_ms
    delay.o(i.delay_init) refers to delay.o(.data) for .data
    delay.o(i.delay_ms) refers to delay.o(i.delay_us) for delay_us
    delay.o(i.delay_us) refers to delay.o(.data) for .data
    sys.o(i.sys_stm32_clock_init) refers to memseta.o(.text) for __aeabi_memclr4
    sys.o(i.sys_stm32_clock_init) refers to stm32f4xx_hal_rcc.o(i.HAL_RCC_OscConfig) for HAL_RCC_OscConfig
    sys.o(i.sys_stm32_clock_init) refers to stm32f4xx_hal_rcc.o(i.HAL_RCC_ClockConfig) for HAL_RCC_ClockConfig
    sys.o(i.sys_stm32_clock_init) refers to stm32f4xx_hal.o(i.HAL_GetREVID) for HAL_GetREVID
    usart.o(i.HAL_UART_MspInit) refers to stm32f4xx_hal_gpio.o(i.HAL_GPIO_Init) for HAL_GPIO_Init
    usart.o(i.HAL_UART_MspInit) refers to stm32f4xx_hal_cortex.o(i.HAL_NVIC_EnableIRQ) for HAL_NVIC_EnableIRQ
    usart.o(i.HAL_UART_MspInit) refers to stm32f4xx_hal_cortex.o(i.HAL_NVIC_SetPriority) for HAL_NVIC_SetPriority
    usart.o(i.HAL_UART_RxCpltCallback) refers to stm32f4xx_hal_uart.o(i.HAL_UART_Receive_IT) for HAL_UART_Receive_IT
    usart.o(i.HAL_UART_RxCpltCallback) refers to usart.o(.data) for .data
    usart.o(i.HAL_UART_RxCpltCallback) refers to usart.o(.bss) for .bss
    usart.o(i.USART1_IRQHandler) refers to stm32f4xx_hal_uart.o(i.HAL_UART_IRQHandler) for HAL_UART_IRQHandler
    usart.o(i.USART1_IRQHandler) refers to usart.o(.bss) for .bss
    usart.o(i.usart_init) refers to stm32f4xx_hal_uart.o(i.HAL_UART_Init) for HAL_UART_Init
    usart.o(i.usart_init) refers to stm32f4xx_hal_uart.o(i.HAL_UART_Receive_IT) for HAL_UART_Receive_IT
    usart.o(i.usart_init) refers to usart.o(.bss) for .bss
    usart.o(i.usart_init) refers to usart.o(.data) for .data
    stm32f4xx_hal.o(i.HAL_DeInit) refers to stm32f4xx_hal_msp_template.o(i.HAL_MspDeInit) for HAL_MspDeInit
    stm32f4xx_hal.o(i.HAL_Delay) refers to stm32f4xx_hal.o(i.HAL_GetTick) for HAL_GetTick
    stm32f4xx_hal.o(i.HAL_Delay) refers to stm32f4xx_hal.o(.data) for .data
    stm32f4xx_hal.o(i.HAL_GetTick) refers to stm32f4xx_hal.o(.data) for .data
    stm32f4xx_hal.o(i.HAL_GetTickFreq) refers to stm32f4xx_hal.o(.data) for .data
    stm32f4xx_hal.o(i.HAL_GetTickPrio) refers to stm32f4xx_hal.o(.data) for .data
    stm32f4xx_hal.o(i.HAL_IncTick) refers to stm32f4xx_hal.o(.data) for .data
    stm32f4xx_hal.o(i.HAL_Init) refers to stm32f4xx_hal_cortex.o(i.HAL_NVIC_SetPriorityGrouping) for HAL_NVIC_SetPriorityGrouping
    stm32f4xx_hal.o(i.HAL_Init) refers to stm32f4xx_hal.o(i.HAL_InitTick) for HAL_InitTick
    stm32f4xx_hal.o(i.HAL_Init) refers to stm32f4xx_hal_msp_template.o(i.HAL_MspInit) for HAL_MspInit
    stm32f4xx_hal.o(i.HAL_InitTick) refers to stm32f4xx_hal_cortex.o(i.HAL_SYSTICK_Config) for HAL_SYSTICK_Config
    stm32f4xx_hal.o(i.HAL_InitTick) refers to stm32f4xx_hal_cortex.o(i.HAL_NVIC_SetPriority) for HAL_NVIC_SetPriority
    stm32f4xx_hal.o(i.HAL_InitTick) refers to stm32f4xx_hal.o(.data) for .data
[...]
    ../fplib/microlib/fpfix.c                0x00000000   Number         0  dfixui.o ABSOLUTE
    ../fplib/microlib/fpflt.c                0x00000000   Number         0  dflti.o ABSOLUTE
    ../fplib/microlib/fpmul.c                0x00000000   Number         0  dmul.o ABSOLUTE
    ..\..\Drivers\BSP\API_Schedule\API_Schedule.c 0x00000000   Number         0  api_schedule.o ABSOLUTE
    ..\..\Drivers\BSP\LED\led.c              0x00000000   Number         0  led.o ABSOLUTE
    ..\..\Drivers\BSP\MoterDrive\moterdriver.c 0x00000000   Number         0  moterdriver.o ABSOLUTE
    ..\..\Drivers\BSP\PS2\PS2.c              0x00000000   Number         0  ps2.o ABSOLUTE
    ..\..\Drivers\BSP\TASK\task.c            0x00000000   Number         0  task.o ABSOLUTE
    ..\..\Drivers\BSP\TIMER\btim.c           0x00000000   Number         0  btim.o ABSOLUTE
    ..\..\Drivers\BSP\WDG\wdg.c              0x00000000   Number         0  wdg.o ABSOLUTE
    ..\..\Drivers\CMSIS\Device\ST\STM32F4xx\Source\Templates\arm\startup_stm32f405xx.s 0x00000000   Number         0  startup_stm32f405xx.o ABSOLUTE
    ..\..\Drivers\CMSIS\Device\ST\STM32F4xx\Source\Templates\system_stm32f4xx.c 0x00000000   Number         0  system_stm32f4xx.o ABSOLUTE
    ..\..\Drivers\STM32F4xx_HAL_Driver\Src\stm32f4xx_hal.c 0x00000000   Number         0  stm32f4xx_hal.o ABSOLUTE
    ..\..\Drivers\STM32F4xx_HAL_Driver\Src\stm32f4xx_hal_adc.c 0x00000000   Number         0  stm32f4xx_hal_adc.o ABSOLUTE
    ..\..\Drivers\STM32F4xx_HAL_Driver\Src\stm32f4xx_hal_adc_ex.c 0x00000000   Number         0  stm32f4xx_hal_adc_ex.o ABSOLUTE
    ..\..\Drivers\STM32F4xx_HAL_Driver\Src\stm32f4xx_hal_can.c 0x00000000   Number         0  stm32f4xx_hal_can.o ABSOLUTE
    ..\..\Drivers\STM32F4xx_HAL_Driver\Src\stm32f4xx_hal_cec.c 0x00000000   Number         0  stm32f4xx_hal_cec.o ABSOLUTE
    ..\..\Drivers\STM32F4xx_HAL_Driver\Src\stm32f4xx_hal_cortex.c 0x00000000   Number         0  stm32f4xx_hal_cortex.o ABSOLUTE
    ..\..\Drivers\STM32F4xx_HAL_Driver\Src\stm32f4xx_hal_crc.c 0x00000000   Number         0  stm32f4xx_hal_crc.o ABSOLUTE
    ..\..\Drivers\STM32F4xx_HAL_Driver\Src\stm32f4xx_hal_cryp.c 0x00000000   Number         0  stm32f4xx_hal_cryp.o ABSOLUTE
    ..\..\Drivers\STM32F4xx_HAL_Driver\Src\stm32f4xx_hal_cryp_ex.c 0x00000000   Number         0  stm32f4xx_hal_cryp_ex.o ABSOLUTE
    ..\..\Drivers\STM32F4xx_HAL_Driver\Src\stm32f4xx_hal_dac.c 0x00000000   Number         0  stm32f4xx_hal_dac.o ABSOLUTE
    ..\..\Drivers\STM32F4xx_HAL_Driver\Src\stm32f4xx_hal_dac_ex.c 0x00000000   Number         0  stm32f4xx_hal_dac_ex.o ABSOLUTE
    ..\..\Drivers\STM32F4xx_HAL_Driver\Src\stm32f4xx_hal_dcmi.c 0x00000000   Number         0  stm32f4xx_hal_dcmi.o ABSOLUTE
    ..\..\Drivers\STM32F4xx_HAL_Driver\Src\stm32f4xx_hal_dcmi_ex.c 0x00000000   Number         0  stm32f4xx_hal_dcmi_ex.o ABSOLUTE
    ..\..\Drivers\STM32F4xx_HAL_Driver\Src\stm32f4xx_hal_dfsdm.c 0x00000000   Number         0  stm32f4xx_hal_dfsdm.o ABSOLUTE
    ..\..\Drivers\STM32F4xx_HAL_Driver\Src\stm32f4xx_hal_dma.c 0x00000000   Number         0  stm32f4xx_hal_dma.o ABSOLUTE
    ..\..\Drivers\STM32F4xx_HAL_Driver\Src\stm32f4xx_hal_dma2d.c 0x00000000   Number         0  stm32f4xx_hal_dma2d.o ABSOLUTE
    ..\..\Drivers\STM32F4xx_HAL_Driver\Src\stm32f4xx_hal_dma_ex.c 0x00000000   Number         0  stm32f4xx_hal_dma_ex.o ABSOLUTE
    ..\..\Drivers\STM32F4xx_HAL_Driver\Src\stm32f4xx_hal_dsi.c 0x00000000   Number         0  stm32f4xx_hal_dsi.o ABSOLUTE
    ..\..\Drivers\STM32F4xx_HAL_Driver\Src\stm32f4xx_hal_eth.c 0x00000000   Number         0  stm32f4xx_hal_eth.o ABSOLUTE
    ..\..\Drivers\STM32F4xx_HAL_Driver\Src\stm32f4xx_hal_exti.c 0x00000000   Number         0  stm32f4xx_hal_exti.o ABSOLUTE
    ..\..\Drivers\STM32F4xx_HAL_Driver\Src\stm32f4xx_hal_flash.c 0x00000000   Number         0  stm32f4xx_hal_flash.o ABSOLUTE
    ..\..\Drivers\STM32F4xx_HAL_Driver\Src\stm32f4xx_hal_flash_ex.c 0x00000000   Number         0  stm32f4xx_hal_flash_ex.o ABSOLUTE
    ..\..\Drivers\STM32F4xx_HAL_Driver\Src\stm32f4xx_hal_flash_ramfunc.c 0x00000000   Number         0  stm32f4xx_hal_flash_ramfunc.o ABSOLUTE
    ..\..\Drivers\STM32F4xx_HAL_Driver\Src\stm32f4xx_hal_fmpi2c.c 0x00000000   Number         0  stm32f4xx_hal_fmpi2c.o ABSOLUTE
    ..\..\Drivers\STM32F4xx_HAL_Driver\Src\stm32f4xx_hal_fmpi2c_ex.c 0x00000000   Number         0  stm32f4xx_hal_fmpi2c_ex.o ABSOLUTE
    ..\..\Drivers\STM32F4xx_HAL_Driver\Src\stm32f4xx_hal_fmpsmbus.c 0x00000000   Number         0  stm32f4xx_hal_fmpsmbus.o ABSOLUTE
    ..\..\Drivers\STM32F4xx_HAL_Driver\Src\stm32f4xx_hal_fmpsmbus_ex.c 0x00000000   Number         0  stm32f4xx_hal_fmpsmbus_ex.o ABSOLUTE
    ..\..\Drivers\STM32F4xx_HAL_Driver\Src\stm32f4xx_hal_gpio.c 0x00000000   Number         0  stm32f4xx_hal_gpio.o ABSOLUTE
    ..\..\Drivers\STM32F4xx_HAL_Driver\Src\stm32f4xx_hal_hash.c 0x00000000   Number         0  stm32f4xx_hal_hash.o ABSOLUTE
    ..\..\Drivers\STM32F4xx_HAL_Driver\Src\stm32f4xx_hal_hash_ex.c 0x00000000   Number         0  stm32f4xx_hal_hash_ex.o ABSOLUTE
    ..\..\Drivers\STM32F4xx_HAL_Driver\Src\stm32f4xx_hal_hcd.c 0x00000000   Number         0  stm32f4xx_hal_hcd.o ABSOLUTE
    ..\..\Drivers\STM32F4xx_HAL_Driver\Src\stm32f4xx_hal_i2c.c 0x00000000   Number         0  stm32f4xx_hal_i2c.o ABSOLUTE
    ..\..\Drivers\STM32F4xx_HAL_Driver\Src\stm32f4xx_hal_i2c_ex.c 0x00000000   Number         0  stm32f4xx_hal_i2c_ex.o ABSOLUTE
    ..\..\Drivers\STM32F4xx_HAL_Driver\Src\stm32f4xx_hal_i2s.c 0x00000000   Number         0  stm32f4xx_hal_i2s.o ABSOLUTE
    ..\..\Drivers\STM32F4xx_HAL_Driver\Src\stm32f4xx_hal_i2s_ex.c 0x00000000   Number         0  stm32f4xx_hal_i2s_ex.o ABSOLUTE
    ..\..\Drivers\STM32F4xx_HAL_Driver\Src\stm32f4xx_hal_irda.c 0x00000000   Number         0  stm32f4xx_hal_irda.o ABSOLUTE
    ..\..\Drivers\STM32F4xx_HAL_Driver\Src\stm32f4xx_hal_iwdg.c 0x00000000   Number         0  stm32f4xx_hal_iwdg.o ABSOLUTE
    ..\..\Drivers\STM32F4xx_HAL_Driver\Src\stm32f4xx_hal_lptim.c 0x00000000   Number         0  stm32f4xx_hal_lptim.o ABSOLUTE
    ..\..\Drivers\STM32F4xx_HAL_Driver\Src\stm32f4xx_hal_ltdc.c 0x00000000   Number         0  stm32f4xx_hal_ltdc.o ABSOLUTE
    ..\..\Drivers\STM32F4xx_HAL_Driver\Src\stm32f4xx_hal_ltdc_ex.c 0x00000000   Number         0  stm32f4xx_hal_ltdc_ex.o ABSOLUTE
    ..\..\Drivers\STM32F4xx_HAL_Driver\Src\stm32f4xx_hal_mmc.c 0x00000000   Number         0  stm32f4xx_hal_mmc.o ABSOLUTE
    ..\..\Drivers\STM32F4xx_HAL_Driver\Src\stm32f4xx_hal_msp_template.c 0x00000000   Number         0  stm32f4xx_hal_msp_template.o ABSOLUTE
    ..\..\Drivers\STM32F4xx_HAL_Driver\Src\stm32f4xx_hal_nand.c 0x00000000   Number         0  stm32f4xx_hal_nand.o ABSOLUTE
    ..\..\Drivers\STM32F4xx_HAL_Driver\Src\stm32f4xx_hal_nor.c 0x00000000   Number         0  stm32f4xx_hal_nor.o ABSOLUTE
    ..\..\Drivers\STM32F4xx_HAL_Driver\Src\stm32f4xx_hal_pccard.c 0x00000000   Number         0  stm32f4xx_hal_pccard.o ABSOLUTE
    ..\..\Drivers\STM32F4xx_HAL_Driver\Src\stm32f4xx_hal_pcd.c 0x00000000   Number         0  stm32f4xx_hal_pcd.o ABSOLUTE
    ..\..\Drivers\STM32F4xx_HAL_Driver\Src\stm32f4xx_hal_pcd_ex.c 0x00000000   Number         0  stm32f4xx_hal_pcd_ex.o ABSOLUTE
    ..\..\Drivers\STM32F4xx_HAL_Driver\Src\stm32f4xx_hal_pwr.c 0x00000000   Number         0  stm32f4xx_hal_pwr.o ABSOLUTE
    ..\..\Drivers\STM32F4xx_HAL_Driver\Src\stm32f4xx_hal_pwr_ex.c 0x00000000   Number         0  stm32f4xx_hal_pwr_ex.o ABSOLUTE
    ..\..\Drivers\STM32F4xx_HAL_Driver\Src\stm32f4xx_hal_qspi.c 0x00000000   Number         0  stm32f4xx_hal_qspi.o ABSOLUTE
    ..\..\Drivers\STM32F4xx_HAL_Driver\Src\stm32f4xx_hal_rcc.c 0x00000000   Number         0  stm32f4xx_hal_rcc.o ABSOLUTE
    ..\..\Drivers\STM32F4xx_HAL_Driver\Src\stm32f4xx_hal_rcc_ex.c 0x00000000   Number         0  stm32f4xx_hal_rcc_ex.o ABSOLUTE
    ..\..\Drivers\STM32F4xx_HAL_Driver\Src\stm32f4xx_hal_rng.c 0x00000000   Number         0  stm32f4xx_hal_rng.o ABSOLUTE
    ..\..\Drivers\STM32F4xx_HAL_Driver\Src\stm32f4xx_hal_rtc.c 0x00000000   Number         0  stm32f4xx_hal_rtc.o ABSOLUTE
    ..\..\Drivers\STM32F4xx_HAL_Driver\Src\stm32f4xx_hal_rtc_ex.c 0x00000000   Number         0  stm32f4xx_hal_rtc_ex.o ABSOLUTE
    ..\..\Drivers\STM32F4xx_HAL_Driver\Src\stm32f4xx_hal_sai.c 0x00000000   Number         0  stm32f4xx_hal_sai.o ABSOLUTE
    ..\..\Drivers\STM32F4xx_HAL_Driver\Src\stm32f4xx_hal_sai_ex.c 0x00000000   Number         0  stm32f4xx_hal_sai_ex.o ABSOLUTE
    ..\..\Drivers\STM32F4xx_HAL_Driver\Src\stm32f4xx_hal_sd.c 0x00000000   Number         0  stm32f4xx_hal_sd.o ABSOLUTE
    ..\..\Drivers\STM32F4xx_HAL_Driver\Src\stm32f4xx_hal_sdram.c 0x00000000   Number         0  stm32f4xx_hal_sdram.o ABSOLUTE
    ..\..\Drivers\STM32F4xx_HAL_Driver\Src\stm32f4xx_hal_smartcard.c 0x00000000   Number         0  stm32f4xx_hal_smartcard.o ABSOLUTE
    ..\..\Drivers\STM32F4xx_HAL_Driver\Src\stm32f4xx_hal_smbus.c 0x00000000   Number         0  stm32f4xx_hal_smbus.o ABSOLUTE
    ..\..\Drivers\STM32F4xx_HAL_Driver\Src\stm32f4xx_hal_spdifrx.c 0x00000000   Number         0  stm32f4xx_hal_spdifrx.o ABSOLUTE
    ..\..\Drivers\STM32F4xx_HAL_Driver\Src\stm32f4xx_hal_spi.c 0x00000000   Number         0  stm32f4xx_hal_spi.o ABSOLUTE
    ..\..\Drivers\STM32F4xx_HAL_Driver\Src\stm32f4xx_hal_sram.c 0x00000000   Number         0  stm32f4xx_hal_sram.o ABSOLUTE
    ..\..\Drivers\STM32F4xx_HAL_Driver\Src\stm32f4xx_hal_tim.c 0x00000000   Number         0  stm32f4xx_hal_tim.o ABSOLUTE
    ..\..\Drivers\STM32F4xx_HAL_Driver\Src\stm32f4xx_hal_tim_ex.c 0x00000000   Number         0  stm32f4xx_hal_tim_ex.o ABSOLUTE
    ..\..\Drivers\STM32F4xx_HAL_Driver\Src\stm32f4xx_hal_uart.c 0x00000000   Number         0  stm32f4xx_hal_uart.o ABSOLUTE
    ..\..\Drivers\STM32F4xx_HAL_Driver\Src\stm32f4xx_hal_usart.c 0x00000000   Number         0  stm32f4xx_hal_usart.o ABSOLUTE
    ..\..\Drivers\STM32F4xx_HAL_Driver\Src\stm32f4xx_hal_wwdg.c 0x00000000   Number         0  stm32f4xx_hal_wwdg.o ABSOLUTE
    ..\..\Drivers\STM32F4xx_HAL_Driver\Src\stm32f4xx_ll_adc.c 0x00000000   Number         0  stm32f4xx_ll_adc.o ABSOLUTE
    ..\..\Drivers\STM32F4xx_HAL_Driver\Src\stm32f4xx_ll_crc.c 0x00000000   Number         0  stm32f4xx_ll_crc.o ABSOLUTE
    ..\..\Drivers\STM32F4xx_HAL_Driver\Src\stm32f4xx_ll_dac.c 0x00000000   Number         0  stm32f4xx_ll_dac.o ABSOLUTE
    ..\..\Drivers\STM32F4xx_HAL_Driver\Src\stm32f4xx_ll_dma.c 0x00000000   Number         0  stm32f4xx_ll_dma.o ABSOLUTE
    ..\..\Drivers\STM32F4xx_HAL_Driver\Src\stm32f4xx_ll_dma2d.c 0x00000000   Number         0  stm32f4xx_ll_dma2d.o ABSOLUTE
    ..\..\Drivers\STM32F4xx_HAL_Driver\Src\stm32f4xx_ll_exti.c 0x00000000   Number         0  stm32f4xx_ll_exti.o ABSOLUTE
    ..\..\Drivers\STM32F4xx_HAL_Driver\Src\stm32f4xx_ll_fmc.c 0x00000000   Number         0  stm32f4xx_ll_fmc.o ABSOLUTE
    ..\..\Drivers\STM32F4xx_HAL_Driver\Src\stm32f4xx_ll_fmpi2c.c 0x00000000   Number         0  stm32f4xx_ll_fmpi2c.o ABSOLUTE
    ..\..\Drivers\STM32F4xx_HAL_Driver\Src\stm32f4xx_ll_fsmc.c 0x00000000   Number         0  stm32f4xx_ll_fsmc.o ABSOLUTE
    ..\..\Drivers\STM32F4xx_HAL_Driver\Src\stm32f4xx_ll_gpio.c 0x00000000   Number         0  stm32f4xx_ll_gpio.o ABSOLUTE
    ..\..\Drivers\STM32F4xx_HAL_Driver\Src\stm32f4xx_ll_i2c.c 0x00000000   Number         0  stm32f4xx_ll_i2c.o ABSOLUTE
    ..\..\Drivers\STM32F4xx_HAL_Driver\Src\stm32f4xx_ll_lptim.c 0x00000000   Number         0  stm32f4xx_ll_lptim.o ABSOLUTE
    ..\..\Drivers\STM32F4xx_HAL_Driver\Src\stm32f4xx_ll_pwr.c 0x00000000   Number         0  stm32f4xx_ll_pwr.o ABSOLUTE
    ..\..\Drivers\STM32F4xx_HAL_Driver\Src\stm32f4xx_ll_rcc.c 0x00000000   Number         0  stm32f4xx_ll_rcc.o ABSOLUTE
    ..\..\Drivers\STM32F4xx_HAL_Driver\Src\stm32f4xx_ll_rng.c 0x00000000   Number         0  stm32f4xx_ll_rng.o ABSOLUTE
    ..\..\Drivers\STM32F4xx_HAL_Driver\Src\stm32f4xx_ll_rtc.c 0x00000000   Number         0  stm32f4xx_ll_rtc.o ABSOLUTE
    ..\..\Drivers\STM32F4xx_HAL_Driver\Src\stm32f4xx_ll_sdmmc.c 0x00000000   Number         0  stm32f4xx_ll_sdmmc.o ABSOLUTE
    ..\..\Drivers\STM32F4xx_HAL_Driver\Src\stm32f4xx_ll_spi.c 0x00000000   Number         0  stm32f4xx_ll_spi.o ABSOLUTE
    ..\..\Drivers\STM32F4xx_HAL_Driver\Src\stm32f4xx_ll_tim.c 0x00000000   Number         0  stm32f4xx_ll_tim.o ABSOLUTE
    ..\..\Drivers\STM32F4xx_HAL_Driver\Src\stm32f4xx_ll_usart.c 0x00000000   Number         0  stm32f4xx_ll_usart.o ABSOLUTE
    ..\..\Drivers\STM32F4xx_HAL_Driver\Src\stm32f4xx_ll_usb.c 0x00000000   Number         0  stm32f4xx_ll_usb.o ABSOLUTE
    ..\..\Drivers\STM32F4xx_HAL_Driver\Src\stm32f4xx_ll_utils.c 0x00000000   Number         0  stm32f4xx_ll_utils.o ABSOLUTE
    ..\..\Drivers\SYSTEM\delay\delay.c       0x00000000   Number         0  delay.o ABSOLUTE
    ..\..\Drivers\SYSTEM\sys\sys.c           0x00000000   Number         0  sys.o ABSOLUTE
    ..\..\Drivers\SYSTEM\usart\usart.c       0x00000000   Number         0  usart.o ABSOLUTE
    ..\..\User\main.c                        0x00000000   Number         0  main.o ABSOLUTE
    ..\..\User\stm32f4xx_it.c                0x00000000   Number         0  stm32f4xx_it.o ABSOLUTE
    ..\\..\\Drivers\\BSP\\API_Schedule\\API_Schedule.c 0x00000000   Number         0  api_schedule.o ABSOLUTE
    ..\\..\\Drivers\\BSP\\LED\\led.c         0x00000000   Number         0  led.o ABSOLUTE
    ..\\..\\Drivers\\BSP\\MoterDrive\\moterdriver.c 0x00000000   Number         0  moterdriver.o ABSOLUTE
    ..\\..\\Drivers\\BSP\\PS2\\PS2.c         0x00000000   Number         0  ps2.o ABSOLUTE
    ..\\..\\Drivers\\BSP\\TASK\\task.c       0x00000000   Number         0  task.o ABSOLUTE
    ..\\..\\Drivers\\BSP\\TIMER\\btim.c      0x00000000   Number         0  btim.o ABSOLUTE
    ..\\..\\Drivers\\BSP\\WDG\\wdg.c         0x00000000   Number         0  wdg.o ABSOLUTE
    ..\\..\\Drivers\\CMSIS\\Device\\ST\\STM32F4xx\\Source\\Templates\\system_stm32f4xx.c 0x00000000   Number         0  system_stm32f4xx.o ABSOLUTE
    ..\\..\\Drivers\\STM32F4xx_HAL_Driver\\Src\\stm32f4xx_hal.c 0x00000000   Number         0  stm32f4xx_hal.o ABSOLUTE
    ..\\..\\Drivers\\STM32F4xx_HAL_Driver\\Src\\stm32f4xx_hal_adc.c 0x00000000   Number         0  stm32f4xx_hal_adc.o ABSOLUTE
    ..\\..\\Drivers\\STM32F4xx_HAL_Driver\\Src\\stm32f4xx_hal_adc_ex.c 0x00000000   Number         0  stm32f4xx_hal_adc_ex.o ABSOLUTE
    ..\\..\\Drivers\\STM32F4xx_HAL_Driver\\Src\\stm32f4xx_hal_can.c 0x00000000   Number         0  stm32f4xx_hal_can.o ABSOLUTE
    ..\\..\\Drivers\\STM32F4xx_HAL_Driver\\Src\\stm32f4xx_hal_cec.c 0x00000000   Number         0  stm32f4xx_hal_cec.o ABSOLUTE
    ..\\..\\Drivers\\STM32F4xx_HAL_Driver\\Src\\stm32f4xx_hal_cortex.c 0x00000000   Number         0  stm32f4xx_hal_cortex.o ABSOLUTE
    ..\\..\\Drivers\\STM32F4xx_HAL_Driver\\Src\\stm32f4xx_hal_crc.c 0x00000000   Number         0  stm32f4xx_hal_crc.o ABSOLUTE
    ..\\..\\Drivers\\STM32F4xx_HAL_Driver\\Src\\stm32f4xx_hal_cryp.c 0x00000000   Number         0  stm32f4xx_hal_cryp.o ABSOLUTE
    ..\\..\\Drivers\\STM32F4xx_HAL_Driver\\Src\\stm32f4xx_hal_cryp_ex.c 0x00000000   Number         0  stm32f4xx_hal_cryp_ex.o ABSOLUTE
    ..\\..\\Drivers\\STM32F4xx_HAL_Driver\\Src\\stm32f4xx_hal_dac.c 0x00000000   Number         0  stm32f4xx_hal_dac.o ABSOLUTE
    ..\\..\\Drivers\\STM32F4xx_HAL_Driver\\Src\\stm32f4xx_hal_dac_ex.c 0x00000000   Number         0  stm32f4xx_hal_dac_ex.o ABSOLUTE
    ..\\..\\Drivers\\STM32F4xx_HAL_Driver\\Src\\stm32f4xx_hal_dcmi.c 0x00000000   Number         0  stm32f4xx_hal_dcmi.o ABSOLUTE
    ..\\..\\Drivers\\STM32F4xx_HAL_Driver\\Src\\stm32f4xx_hal_dcmi_ex.c 0x00000000   Number         0  stm32f4xx_hal_dcmi_ex.o ABSOLUTE
    ..\\..\\Drivers\\STM32F4xx_HAL_Driver\\Src\\stm32f4xx_hal_dfsdm.c 0x00000000   Number         0  stm32f4xx_hal_dfsdm.o ABSOLUTE
    ..\\..\\Drivers\\STM32F4xx_HAL_Driver\\Src\\stm32f4xx_hal_dma.c 0x00000000   Number         0  stm32f4xx_hal_dma.o ABSOLUTE
    ..\\..\\Drivers\\STM32F4xx_HAL_Driver\\Src\\stm32f4xx_hal_dma2d.c 0x00000000   Number         0  stm32f4xx_hal_dma2d.o ABSOLUTE
    ..\\..\\Drivers\\STM32F4xx_HAL_Driver\\Src\\stm32f4xx_hal_dma_ex.c 0x00000000   Number         0  stm32f4xx_hal_dma_ex.o ABSOLUTE
    ..\\..\\Drivers\\STM32F4xx_HAL_Driver\\Src\\stm32f4xx_hal_dsi.c 0x00000000   Number         0  stm32f4xx_hal_dsi.o ABSOLUTE
    ..\\..\\Drivers\\STM32F4xx_HAL_Driver\\Src\\stm32f4xx_hal_eth.c 0x00000000   Number         0  stm32f4xx_hal_eth.o ABSOLUTE
    ..\\..\\Drivers\\STM32F4xx_HAL_Driver\\Src\\stm32f4xx_hal_exti.c 0x00000000   Number         0  stm32f4xx_hal_exti.o ABSOLUTE
    ..\\..\\Drivers\\STM32F4xx_HAL_Driver\\Src\\stm32f4xx_hal_flash.c 0x00000000   Number         0  stm32f4xx_hal_flash.o ABSOLUTE
    ..\\..\\Drivers\\STM32F4xx_HAL_Driver\\Src\\stm32f4xx_hal_flash_ex.c 0x00000000   Number         0  stm32f4xx_hal_flash_ex.o ABSOLUTE
    ..\\..\\Drivers\\STM32F4xx_HAL_Driver\\Src\\stm32f4xx_hal_flash_ramfunc.c 0x00000000   Number         0  stm32f4xx_hal_flash_ramfunc.o ABSOLUTE
    ..\\..\\Drivers\\STM32F4xx_HAL_Driver\\Src\\stm32f4xx_hal_fmpi2c.c 0x00000000   Number         0  stm32f4xx_hal_fmpi2c.o ABSOLUTE
    ..\\..\\Drivers\\STM32F4xx_HAL_Driver\\Src\\stm32f4xx_hal_fmpi2c_ex.c 0x00000000   Number         0  stm32f4xx_hal_fmpi2c_ex.o ABSOLUTE
    ..\\..\\Drivers\\STM32F4xx_HAL_Driver\\Src\\stm32f4xx_hal_fmpsmbus.c 0x00000000   Number         0  stm32f4xx_hal_fmpsmbus.o ABSOLUTE
    ..\\..\\Drivers\\STM32F4xx_HAL_Driver\\Src\\stm32f4xx_hal_fmpsmbus_ex.c 0x00000000   Number         0  stm32f4xx_hal_fmpsmbus_ex.o ABSOLUTE
    ..\\..\\Drivers\\STM32F4xx_HAL_Driver\\Src\\stm32f4xx_hal_gpio.c 0x00000000   Number         0  stm32f4xx_hal_gpio.o ABSOLUTE
    ..\\..\\Drivers\\STM32F4xx_HAL_Driver\\Src\\stm32f4xx_hal_hash.c 0x00000000   Number         0  stm32f4xx_hal_hash.o ABSOLUTE
    ..\\..\\Drivers\\STM32F4xx_HAL_Driver\\Src\\stm32f4xx_hal_hash_ex.c 0x00000000   Number         0  stm32f4xx_hal_hash_ex.o ABSOLUTE
    ..\\..\\Drivers\\STM32F4xx_HAL_Driver\\Src\\stm32f4xx_hal_hcd.c 0x00000000   Number         0  stm32f4xx_hal_hcd.o ABSOLUTE
    ..\\..\\Drivers\\STM32F4xx_HAL_Driver\\Src\\stm32f4xx_hal_i2c.c 0x00000000   Number         0  stm32f4xx_hal_i2c.o ABSOLUTE
    ..\\..\\Drivers\\STM32F4xx_HAL_Driver\\Src\\stm32f4xx_hal_i2c_ex.c 0x00000000   Number         0  stm32f4xx_hal_i2c_ex.o ABSOLUTE
    ..\\..\\Drivers\\STM32F4xx_HAL_Driver\\Src\\stm32f4xx_hal_i2s.c 0x00000000   Number         0  stm32f4xx_hal_i2s.o ABSOLUTE
    ..\\..\\Drivers\\STM32F4xx_HAL_Driver\\Src\\stm32f4xx_hal_i2s_ex.c 0x00000000   Number         0  stm32f4xx_hal_i2s_ex.o ABSOLUTE
    ..\\..\\Drivers\\STM32F4xx_HAL_Driver\\Src\\stm32f4xx_hal_irda.c 0x00000000   Number         0  stm32f4xx_hal_irda.o ABSOLUTE
    ..\\..\\Drivers\\STM32F4xx_HAL_Driver\\Src\\stm32f4xx_hal_iwdg.c 0x00000000   Number         0  stm32f4xx_hal_iwdg.o ABSOLUTE
    ..\\..\\Drivers\\STM32F4xx_HAL_Driver\\Src\\stm32f4xx_hal_lptim.c 0x00000000   Number         0  stm32f4xx_hal_lptim.o ABSOLUTE
    ..\\..\\Drivers\\STM32F4xx_HAL_Driver\\Src\\stm32f4xx_hal_ltdc.c 0x00000000   Number         0  stm32f4xx_hal_ltdc.o ABSOLUTE
    ..\\..\\Drivers\\STM32F4xx_HAL_Driver\\Src\\stm32f4xx_hal_ltdc_ex.c 0x00000000   Number         0  stm32f4xx_hal_ltdc_ex.o ABSOLUTE
    ..\\..\\Drivers\\STM32F4xx_HAL_Driver\\Src\\stm32f4xx_hal_mmc.c 0x00000000   Number         0  stm32f4xx_hal_mmc.o ABSOLUTE
    ..\\..\\Drivers\\STM32F4xx_HAL_Driver\\Src\\stm32f4xx_hal_msp_template.c 0x00000000   Number         0  stm32f4xx_hal_msp_template.o ABSOLUTE
    ..\\..\\Drivers\\STM32F4xx_HAL_Driver\\Src\\stm32f4xx_hal_nand.c 0x00000000   Number         0  stm32f4xx_hal_nand.o ABSOLUTE
    ..\\..\\Drivers\\STM32F4xx_HAL_Driver\\Src\\stm32f4xx_hal_nor.c 0x00000000   Number         0  stm32f4xx_hal_nor.o ABSOLUTE
    ..\\..\\Drivers\\STM32F4xx_HAL_Driver\\Src\\stm32f4xx_hal_pccard.c 0x00000000   Number         0  stm32f4xx_hal_pccard.o ABSOLUTE
    ..\\..\\Drivers\\STM32F4xx_HAL_Driver\\Src\\stm32f4xx_hal_pcd.c 0x00000000   Number         0  stm32f4xx_hal_pcd.o ABSOLUTE
    ..\\..\\Drivers\\STM32F4xx_HAL_Driver\\Src\\stm32f4xx_hal_pcd_ex.c 0x00000000   Number         0  stm32f4xx_hal_pcd_ex.o ABSOLUTE
    ..\\..\\Drivers\\STM32F4xx_HAL_Driver\\Src\\stm32f4xx_hal_pwr.c 0x00000000   Number         0  stm32f4xx_hal_pwr.o ABSOLUTE
    ..\\..\\Drivers\\STM32F4xx_HAL_Driver\\Src\\stm32f4xx_hal_pwr_ex.c 0x00000000   Number         0  stm32f4xx_hal_pwr_ex.o ABSOLUTE
    ..\\..\\Drivers\\STM32F4xx_HAL_Driver\\Src\\stm32f4xx_hal_qspi.c 0x00000000   Number         0  stm32f4xx_hal_qspi.o ABSOLUTE
    ..\\..\\Drivers\\STM32F4xx_HAL_Driver\\Src\\stm32f4xx_hal_rcc.c 0x00000000   Number         0  stm32f4xx_hal_rcc.o ABSOLUTE
    ..\\..\\Drivers\\STM32F4xx_HAL_Driver\\Src\\stm32f4xx_hal_rcc_ex.c 0x00000000   Number         0  stm32f4xx_hal_rcc_ex.o ABSOLUTE
    ..\\..\\Drivers\\STM32F4xx_HAL_Driver\\Src\\stm32f4xx_hal_rng.c 0x00000000   Number         0  stm32f4xx_hal_rng.o ABSOLUTE
    ..\\..\\Drivers\\STM32F4xx_HAL_Driver\\Src\\stm32f4xx_hal_rtc.c 0x00000000   Number         0  stm32f4xx_hal_rtc.o ABSOLUTE
    ..\\..\\Drivers\\STM32F4xx_HAL_Driver\\Src\\stm32f4xx_hal_rtc_ex.c 0x00000000   Number         0  stm32f4xx_hal_rtc_ex.o ABSOLUTE
    ..\\..\\Drivers\\STM32F4xx_HAL_Driver\\Src\\stm32f4xx_hal_sai.c 0x00000000   Number         0  stm32f4xx_hal_sai.o ABSOLUTE
    ..\\..\\Drivers\\STM32F4xx_HAL_Driver\\Src\\stm32f4xx_hal_sai_ex.c 0x00000000   Number         0  stm32f4xx_hal_sai_ex.o ABSOLUTE
    ..\\..\\Drivers\\STM32F4xx_HAL_Driver\\Src\\stm32f4xx_hal_sd.c 0x00000000   Number         0  stm32f4xx_hal_sd.o ABSOLUTE
    ..\\..\\Drivers\\STM32F4xx_HAL_Driver\\Src\\stm32f4xx_hal_sdram.c 0x00000000   Number         0  stm32f4xx_hal_sdram.o ABSOLUTE
    ..\\..\\Drivers\\STM32F4xx_HAL_Driver\\Src\\stm32f4xx_hal_smartcard.c 0x00000000   Number         0  stm32f4xx_hal_smartcard.o ABSOLUTE
    ..\\..\\Drivers\\STM32F4xx_HAL_Driver\\Src\\stm32f4xx_hal_smbus.c 0x00000000   Number         0  stm32f4xx_hal_smbus.o ABSOLUTE
    ..\\..\\Drivers\\STM32F4xx_HAL_Driver\\Src\\stm32f4xx_hal_spdifrx.c 0x00000000   Number         0  stm32f4xx_hal_spdifrx.o ABSOLUTE
    ..\\..\\Drivers\\STM32F4xx_HAL_Driver\\Src\\stm32f4xx_hal_spi.c 0x00000000   Number         0  stm32f4xx_hal_spi.o ABSOLUTE
    ..\\..\\Drivers\\STM32F4xx_HAL_Driver\\Src\\stm32f4xx_hal_sram.c 0x00000000   Number         0  stm32f4xx_hal_sram.o ABSOLUTE
    ..\\..\\Drivers\\STM32F4xx_HAL_Driver\\Src\\stm32f4xx_hal_tim.c 0x00000000   Number         0  stm32f4xx_hal_tim.o ABSOLUTE
    ..\\..\\Drivers\\STM32F4xx_HAL_Driver\\Src\\stm32f4xx_hal_tim_ex.c 0x00000000   Number         0  stm32f4xx_hal_tim_ex.o ABSOLUTE
    ..\\..\\Drivers\\STM32F4xx_HAL_Driver\\Src\\stm32f4xx_hal_uart.c 0x00000000   Number         0  stm32f4xx_hal_uart.o ABSOLUTE
    ..\\..\\Drivers\\STM32F4xx_HAL_Driver\\Src\\stm32f4xx_hal_usart.c 0x00000000   Number         0  stm32f4xx_hal_usart.o ABSOLUTE
    ..\\..\\Drivers\\STM32F4xx_HAL_Driver\\Src\\stm32f4xx_hal_wwdg.c 0x00000000   Number         0  stm32f4xx_hal_wwdg.o ABSOLUTE
    ..\\..\\Drivers\\STM32F4xx_HAL_Driver\\Src\\stm32f4xx_ll_fmc.c 0x00000000   Number         0  stm32f4xx_ll_fmc.o ABSOLUTE
    ..\\..\\Drivers\\STM32F4xx_HAL_Driver\\Src\\stm32f4xx_ll_fsmc.c 0x00000000   Number         0  stm32f4xx_ll_fsmc.o ABSOLUTE
    ..\\..\\Drivers\\STM32F4xx_HAL_Driver\\Src\\stm32f4xx_ll_sdmmc.c 0x00000000   Number         0  stm32f4xx_ll_sdmmc.o ABSOLUTE
    ..\\..\\Drivers\\STM32F4xx_HAL_Driver\\Src\\stm32f4xx_ll_usb.c 0x00000000   Number         0  stm32f4xx_ll_usb.o ABSOLUTE
    ..\\..\\Drivers\\STM32F4xx_HAL_Driver\\Src\\stm32f4xx_ll_utils.c 0x00000000   Number         0  stm32f4xx_ll_utils.o ABSOLUTE
    ..\\..\\Drivers\\SYSTEM\\delay\\delay.c  0x00000000   Number         0  delay.o ABSOLUTE
    ..\\..\\Drivers\\SYSTEM\\sys\\sys.c      0x00000000   Number         0  sys.o ABSOLUTE
    ..\\..\\Drivers\\SYSTEM\\usart\\usart.c  0x00000000   Number         0  usart.o ABSOLUTE
    ..\\..\\User\\main.c                     0x00000000   Number         0  main.o ABSOLUTE
    ..\\..\\User\\stm32f4xx_it.c             0x00000000   Number         0  stm32f4xx_it.o ABSOLUTE
    cdrcmple.s                               0x00000000   Number         0  cdrcmple.o ABSOLUTE
    dc.s                                     0x00000000   Number         0  dc.o ABSOLUTE
    handlers.s                               0x00000000   Number         0  handlers.o ABSOLUTE
    init.s                                   0x00000000   Number         0  init.o ABSOLUTE
    RESET                                    0x08000000   Section      392  startup_stm32f405xx.o(RESET)
    .ARM.Collect$$$$00000000                 0x08000188   Section        0  entry.o(.ARM.Collect$$$$00000000)
    .ARM.Collect$$$$00000001                 0x08000188   Section        4  entry2.o(.ARM.Collect$$$$00000001)
    .ARM.Collect$$$$00000004                 0x0800018c   Section        4  entry5.o(.ARM.Collect$$$$00000004)
    .ARM.Collect$$$$00000008                 0x08000190   Section        0  entry7b.o(.ARM.Collect$$$$00000008)
    .ARM.Collect$$$$0000000A                 0x08000190   Section        0  entry8b.o(.ARM.Collect$$$$0000000A)
    .ARM.Collect$$$$0000000B                 0x08000190   Section        8  entry9a.o(.ARM.Collect$$$$0000000B)
    .ARM.Collect$$$$0000000E                 0x08000198   Section        4  entry12b.o(.ARM.Collect$$$$0000000E)
    .ARM.Collect$$$$0000000F                 0x0800019c   Section        0  entry10a.o(.ARM.Collect$$$$0000000F)
    .ARM.Collect$$$$00000011                 0x0800019c   Section        0  entry11a.o(.ARM.Collect$$$$00000011)
    .ARM.Collect$$$$00002712                 0x0800019c   Section        4  entry2.o(.ARM.Collect$$$$00002712)
    __lit__00000000                          0x0800019c   Data           4  entry2.o(.ARM.Collect$$$$00002712)
    .text                                    0x080001a0   Section       36  startup_stm32f405xx.o(.text)
    $v0                                      0x080001a0   Number         0  startup_stm32f405xx.o(.text)
    .text                                    0x080001c4   Section        0  uldiv.o(.text)
    .text                                    0x08000226   Section        0  memseta.o(.text)
    .text                                    0x0800024a   Section        0  uidiv.o(.text)
    .text                                    0x08000276   Section        0  llshl.o(.text)
    .text                                    0x08000294   Section        0  llushr.o(.text)
    .text                                    0x080002b4   Section       36  init.o(.text)
    i.BackLmoter_PwmSet                      0x080002d8   Section        0  moterdriver.o(i.BackLmoter_PwmSet)
    i.BackLmoter_Stop                        0x080002e8   Section        0  moterdriver.o(i.BackLmoter_Stop)
    i.BackRmoter_PwmSet                      0x080002f0   Section        0  moterdriver.o(i.BackRmoter_PwmSet)
    i.BackRmoter_Stop                        0x08000300   Section        0  moterdriver.o(i.BackRmoter_Stop)
    i.BusFault_Handler                       0x08000308   Section        0  stm32f4xx_it.o(i.BusFault_Handler)
    i.DebugMon_Handler                       0x0800030a   Section        0  stm32f4xx_it.o(i.DebugMon_Handler)
    i.FrontLmoter_PwmSet                     0x0800030c   Section        0  moterdriver.o(i.FrontLmoter_PwmSet)
    i.FrontLmoter_Stop                       0x0800031c   Section        0  moterdriver.o(i.FrontLmoter_Stop)
    i.FrontRmoter_PwmSet                     0x08000324   Section        0  moterdriver.o(i.FrontRmoter_PwmSet)
    i.FrontRmoter_Stop                       0x08000334   Section        0  moterdriver.o(i.FrontRmoter_Stop)
    i.HAL_DMA_Abort                          0x0800033c   Section        0  stm32f4xx_hal_dma.o(i.HAL_DMA_Abort)
    i.HAL_DMA_Abort_IT                       0x080003ca   Section        0  stm32f4xx_hal_dma.o(i.HAL_DMA_Abort_IT)
    i.HAL_GPIO_Init                          0x080003f0   Section        0  stm32f4xx_hal_gpio.o(i.HAL_GPIO_Init)
    i.HAL_GPIO_TogglePin                     0x080005c0   Section        0  stm32f4xx_hal_gpio.o(i.HAL_GPIO_TogglePin)
    i.HAL_GPIO_WritePin                      0x080005d0   Section        0  stm32f4xx_hal_gpio.o(i.HAL_GPIO_WritePin)
    i.HAL_GetREVID                           0x080005e0   Section        0  stm32f4xx_hal.o(i.HAL_GetREVID)
    i.HAL_GetTick                            0x080005ec   Section        0  stm32f4xx_hal.o(i.HAL_GetTick)
    i.HAL_IncTick                            0x080005f8   Section        0  stm32f4xx_hal.o(i.HAL_IncTick)
    i.HAL_Init                               0x08000608   Section        0  stm32f4xx_hal.o(i.HAL_Init)
    i.HAL_InitTick                           0x08000634   Section        0  stm32f4xx_hal.o(i.HAL_InitTick)
    i.HAL_MspInit                            0x08000678   Section        0  stm32f4xx_hal_msp_template.o(i.HAL_MspInit)
    i.HAL_NVIC_EnableIRQ                     0x0800067a   Section        0  stm32f4xx_hal_cortex.o(i.HAL_NVIC_EnableIRQ)
    i.HAL_NVIC_SetPriority                   0x08000694   Section        0  stm32f4xx_hal_cortex.o(i.HAL_NVIC_SetPriority)
    i.HAL_NVIC_SetPriorityGrouping           0x080006d4   Section        0  stm32f4xx_hal_cortex.o(i.HAL_NVIC_SetPriorityGrouping)
    i.HAL_RCC_ClockConfig                    0x080006f8   Section        0  stm32f4xx_hal_rcc.o(i.HAL_RCC_ClockConfig)
    i.HAL_RCC_GetHCLKFreq                    0x08000844   Section        0  stm32f4xx_hal_rcc.o(i.HAL_RCC_GetHCLKFreq)
    i.HAL_RCC_GetPCLK1Freq                   0x08000850   Section        0  stm32f4xx_hal_rcc.o(i.HAL_RCC_GetPCLK1Freq)
    i.HAL_RCC_GetPCLK2Freq                   0x08000870   Section        0  stm32f4xx_hal_rcc.o(i.HAL_RCC_GetPCLK2Freq)
    i.HAL_RCC_GetSysClockFreq                0x08000890   Section        0  stm32f4xx_hal_rcc.o(i.HAL_RCC_GetSysClockFreq)
    i.HAL_RCC_OscConfig                      0x080008f8   Section        0  stm32f4xx_hal_rcc.o(i.HAL_RCC_OscConfig)
    i.HAL_SYSTICK_Config                     0x08000cb8   Section        0  stm32f4xx_hal_cortex.o(i.HAL_SYSTICK_Config)
    i.HAL_TIMEx_BreakCallback                0x08000ce0   Section        0  stm32f4xx_hal_tim_ex.o(i.HAL_TIMEx_BreakCallback)
    i.HAL_TIMEx_CommutCallback               0x08000ce2   Section        0  stm32f4xx_hal_tim_ex.o(i.HAL_TIMEx_CommutCallback)
    i.HAL_TIM_Base_Init                      0x08000ce4   Section        0  stm32f4xx_hal_tim.o(i.HAL_TIM_Base_Init)
    i.HAL_TIM_Base_MspInit                   0x08000d30   Section        0  btim.o(i.HAL_TIM_Base_MspInit)
    i.HAL_TIM_Base_Start_IT                  0x08000d6c   Section        0  stm32f4xx_hal_tim.o(i.HAL_TIM_Base_Start_IT)
    i.HAL_TIM_IC_CaptureCallback             0x08000df8   Section        0  stm32f4xx_hal_tim.o(i.HAL_TIM_IC_CaptureCallback)
    i.HAL_TIM_IRQHandler                     0x08000dfa   Section        0  stm32f4xx_hal_tim.o(i.HAL_TIM_IRQHandler)
    i.HAL_TIM_OC_DelayElapsedCallback        0x08000f68   Section        0  stm32f4xx_hal_tim.o(i.HAL_TIM_OC_DelayElapsedCallback)
    i.HAL_TIM_PWM_ConfigChannel              0x08000f6a   Section        0  stm32f4xx_hal_tim.o(i.HAL_TIM_PWM_ConfigChannel)
    i.HAL_TIM_PWM_Init                       0x0800103c   Section        0  stm32f4xx_hal_tim.o(i.HAL_TIM_PWM_Init)
    i.HAL_TIM_PWM_MspInit                    0x08001088   Section        0  moterdriver.o(i.HAL_TIM_PWM_MspInit)
    i.HAL_TIM_PWM_PulseFinishedCallback      0x08001138   Section        0  stm32f4xx_hal_tim.o(i.HAL_TIM_PWM_PulseFinishedCallback)
    i.HAL_TIM_PWM_Start                      0x0800113c   Section        0  stm32f4xx_hal_tim.o(i.HAL_TIM_PWM_Start)
    i.HAL_TIM_PeriodElapsedCallback          0x08001218   Section        0  btim.o(i.HAL_TIM_PeriodElapsedCallback)
    i.HAL_TIM_TriggerCallback                0x0800122c   Section        0  stm32f4xx_hal_tim.o(i.HAL_TIM_TriggerCallback)
    i.HAL_UARTEx_RxEventCallback             0x0800122e   Section        0  stm32f4xx_hal_uart.o(i.HAL_UARTEx_RxEventCallback)
    i.HAL_UART_ErrorCallback                 0x08001230   Section        0  stm32f4xx_hal_uart.o(i.HAL_UART_ErrorCallback)
    i.HAL_UART_IRQHandler                    0x08001234   Section        0  stm32f4xx_hal_uart.o(i.HAL_UART_IRQHandler)
    i.HAL_UART_Init                          0x08001404   Section        0  stm32f4xx_hal_uart.o(i.HAL_UART_Init)
    i.HAL_UART_MspInit                       0x08001468   Section        0  usart.o(i.HAL_UART_MspInit)
    i.HAL_UART_Receive_IT                    0x080014f8   Section        0  stm32f4xx_hal_uart.o(i.HAL_UART_Receive_IT)
    i.HAL_UART_RxCpltCallback                0x08001528   Section        0  usart.o(i.HAL_UART_RxCpltCallback)
    i.HAL_UART_TxCpltCallback                0x08001594   Section        0  stm32f4xx_hal_uart.o(i.HAL_UART_TxCpltCallback)
    i.HardFault_Handler                      0x08001596   Section        0  stm32f4xx_it.o(i.HardFault_Handler)
    i.Hard_devInit                           0x08001598   Section        0  task.o(i.Hard_devInit)
    i.MemManage_Handler                      0x080015d4   Section        0  stm32f4xx_it.o(i.MemManage_Handler)
    i.MoterBack_pwm_chy_init                 0x080015d8   Section        0  moterdriver.o(i.MoterBack_pwm_chy_init)
    i.MoterFront_pwm_chy_init                0x08001654   Section        0  moterdriver.o(i.MoterFront_pwm_chy_init)
    i.MoterdriveInit                         0x080016d0   Section        0  moterdriver.o(i.MoterdriveInit)
    i.NMI_Handler                            0x080016fa   Section        0  stm32f4xx_it.o(i.NMI_Handler)
    i.OS_IT_RUN                              0x080016fc   Section        0  api_schedule.o(i.OS_IT_RUN)
    i.PS2_AnologData                         0x08001740   Section        0  ps2.o(i.PS2_AnologData)
    i.PS2_CapData                            0x0800174c   Section        0  ps2.o(i.PS2_CapData)
    i.PS2_ClearData                          0x08001804   Section        0  ps2.o(i.PS2_ClearData)
    i.PS2_Cmd                                0x0800181c   Section        0  ps2.o(i.PS2_Cmd)
    i.PS2_DataKey                            0x08001898   Section        0  ps2.o(i.PS2_DataKey)
    i.PS2_EnterConfig                        0x080018dc   Section        0  ps2.o(i.PS2_EnterConfig)
    i.PS2_ExitSaveConfig                     0x08001934   Section        0  ps2.o(i.PS2_ExitSaveConfig)
    i.PS2_GPIOInit                           0x0800198c   Section        0  ps2.o(i.PS2_GPIOInit)
    i.PS2_ReadData                           0x080019d8   Section        0  ps2.o(i.PS2_ReadData)
    i.PS2_SetInit                            0x08001a74   Section        0  ps2.o(i.PS2_SetInit)
    i.PS2_ShortPoll                          0x08001a9c   Section        0  ps2.o(i.PS2_ShortPoll)
    i.PS2_VibrationConfig                    0x08001adc   Section        0  ps2.o(i.PS2_VibrationConfig)
    i.PS2_VibrationSet                       0x08001b1c   Section        0  ps2.o(i.PS2_VibrationSet)
    i.PS2_WorkModeConfig                     0x08001b78   Section        0  ps2.o(i.PS2_WorkModeConfig)
    i.PeachOSRun                             0x08001bc8   Section        0  api_schedule.o(i.PeachOSRun)
    i.PendSV_Handler                         0x08001bfc   Section        0  stm32f4xx_it.o(i.PendSV_Handler)
    i.SVC_Handler                            0x08001bfe   Section        0  stm32f4xx_it.o(i.SVC_Handler)
    i.SysTick_Handler                        0x08001c00   Section        0  stm32f4xx_it.o(i.SysTick_Handler)
    i.SystemInit                             0x08001c04   Section        0  system_stm32f4xx.o(i.SystemInit)
    i.TIM6_DAC_IRQHandler                    0x08001c14   Section        0  btim.o(i.TIM6_DAC_IRQHandler)
    i.TIM_Base_SetConfig                     0x08001c20   Section        0  stm32f4xx_hal_tim.o(i.TIM_Base_SetConfig)
    i.TIM_CCxChannelCmd                      0x08001cec   Section        0  stm32f4xx_hal_tim.o(i.TIM_CCxChannelCmd)
    i.TIM_OC1_SetConfig                      0x08001d08   Section        0  stm32f4xx_hal_tim.o(i.TIM_OC1_SetConfig)
    TIM_OC1_SetConfig                        0x08001d09   Thumb Code    96  stm32f4xx_hal_tim.o(i.TIM_OC1_SetConfig)
    i.TIM_OC2_SetConfig                      0x08001d70   Section        0  stm32f4xx_hal_tim.o(i.TIM_OC2_SetConfig)
    i.TIM_OC3_SetConfig                      0x08001de4   Section        0  stm32f4xx_hal_tim.o(i.TIM_OC3_SetConfig)
    TIM_OC3_SetConfig                        0x08001de5   Thumb Code   104  stm32f4xx_hal_tim.o(i.TIM_OC3_SetConfig)
    i.TIM_OC4_SetConfig                      0x08001e54   Section        0  stm32f4xx_hal_tim.o(i.TIM_OC4_SetConfig)
    TIM_OC4_SetConfig                        0x08001e55   Thumb Code    74  stm32f4xx_hal_tim.o(i.TIM_OC4_SetConfig)
    i.Task_GetPS2Data                        0x08001ea8   Section        0  task.o(i.Task_GetPS2Data)
    i.Task_LedFlash                          0x08001eac   Section        0  task.o(i.Task_LedFlash)
    i.UART_DMAAbortOnError                   0x08001eb8   Section        0  stm32f4xx_hal_uart.o(i.UART_DMAAbortOnError)
    UART_DMAAbortOnError                     0x08001eb9   Thumb Code    16  stm32f4xx_hal_uart.o(i.UART_DMAAbortOnError)
    i.UART_EndRxTransfer                     0x08001ec8   Section        0  stm32f4xx_hal_uart.o(i.UART_EndRxTransfer)
    UART_EndRxTransfer                       0x08001ec9   Thumb Code    48  stm32f4xx_hal_uart.o(i.UART_EndRxTransfer)
    i.UART_EndTransmit_IT                    0x08001ef8   Section        0  stm32f4xx_hal_uart.o(i.UART_EndTransmit_IT)
    UART_EndTransmit_IT                      0x08001ef9   Thumb Code    26  stm32f4xx_hal_uart.o(i.UART_EndTransmit_IT)
    i.UART_Receive_IT                        0x08001f12   Section        0  stm32f4xx_hal_uart.o(i.UART_Receive_IT)
    UART_Receive_IT                          0x08001f13   Thumb Code   178  stm32f4xx_hal_uart.o(i.UART_Receive_IT)
    i.UART_SetConfig                         0x08001fc4   Section        0  stm32f4xx_hal_uart.o(i.UART_SetConfig)
    UART_SetConfig                           0x08001fc5   Thumb Code   266  stm32f4xx_hal_uart.o(i.UART_SetConfig)
    i.UART_Start_Receive_IT                  0x080020d8   Section        0  stm32f4xx_hal_uart.o(i.UART_Start_Receive_IT)
    i.UART_Transmit_IT                       0x0800210e   Section        0  stm32f4xx_hal_uart.o(i.UART_Transmit_IT)
    UART_Transmit_IT                         0x0800210f   Thumb Code    94  stm32f4xx_hal_uart.o(i.UART_Transmit_IT)
    i.USART1_IRQHandler                      0x0800216c   Section        0  usart.o(i.USART1_IRQHandler)
    i.UsageFault_Handler                     0x08002178   Section        0  stm32f4xx_it.o(i.UsageFault_Handler)
    i.__0printf$6                            0x0800217c   Section        0  printf6.o(i.__0printf$6)
    i.__NVIC_SetPriority                     0x0800219c   Section        0  stm32f4xx_hal_cortex.o(i.__NVIC_SetPriority)
    __NVIC_SetPriority                       0x0800219d   Thumb Code    32  stm32f4xx_hal_cortex.o(i.__NVIC_SetPriority)
    i.__scatterload_copy                     0x080021bc   Section       14  handlers.o(i.__scatterload_copy)
    i.__scatterload_null                     0x080021ca   Section        2  handlers.o(i.__scatterload_null)
    i.__scatterload_zeroinit                 0x080021cc   Section       14  handlers.o(i.__scatterload_zeroinit)
    i._printf_core                           0x080021dc   Section        0  printf6.o(i._printf_core)
    _printf_core                             0x080021dd   Thumb Code   748  printf6.o(i._printf_core)
    i._printf_post_padding                   0x080024cc   Section        0  printf6.o(i._printf_post_padding)
    _printf_post_padding                     0x080024cd   Thumb Code    36  printf6.o(i._printf_post_padding)
    i._printf_pre_padding                    0x080024f0   Section        0  printf6.o(i._printf_pre_padding)
    _printf_pre_padding                      0x080024f1   Thumb Code    46  printf6.o(i._printf_pre_padding)
    i.btim_timx_int_init                     0x08002520   Section        0  btim.o(i.btim_timx_int_init)
    i.delay_init                             0x08002548   Section        0  delay.o(i.delay_init)
    i.delay_us                               0x08002554   Section        0  delay.o(i.delay_us)
    i.fputc                                  0x0800258c   Section        0  usart.o(i.fputc)
    i.led_init                               0x080025a0   Section        0  led.o(i.led_init)
    i.main                                   0x08002614   Section        0  main.o(i.main)
    i.sys_stm32_clock_init                   0x08002620   Section        0  sys.o(i.sys_stm32_clock_init)
    i.usart_init                             0x080026d8   Section        0  usart.o(i.usart_init)
    .constdata                               0x08002710   Section       16  system_stm32f4xx.o(.constdata)
    .constdata                               0x08002720   Section        8  system_stm32f4xx.o(.constdata)
    .data                                    0x20000000   Section        4  system_stm32f4xx.o(.data)
    .data                                    0x20000004   Section        4  delay.o(.data)
    g_fac_us                                 0x20000004   Data           4  delay.o(.data)
    .data                                    0x20000008   Section        4  usart.o(.data)
    .data                                    0x2000000c   Section        4  usart.o(.data)
    .data                                    0x20000010   Section       12  stm32f4xx_hal.o(.data)
    .data                                    0x2000001c   Section       28  api_schedule.o(.data)
    .data                                    0x20000038   Section       40  ps2.o(.data)
    key                                      0x20000038   Data           1  ps2.o(.data)
    LEFT_X                                   0x20000039   Data           1  ps2.o(.data)
    LEFT_Y                                   0x2000003a   Data           1  ps2.o(.data)
    RIGHT_X                                  0x2000003b   Data           1  ps2.o(.data)
    RIGHT_Y                                  0x2000003c   Data           1  ps2.o(.data)
    Comd                                     0x2000003d   Data           2  ps2.o(.data)
    MASK                                     0x20000040   Data          32  ps2.o(.data)
    .bss                                     0x20000060   Section      268  usart.o(.bss)
    .bss                                     0x2000016c   Section       72  btim.o(.bss)
    .bss                                     0x200001b4   Section        9  ps2.o(.bss)
    Data                                     0x200001b4   Data           9  ps2.o(.bss)
    STACK                                    0x200001c0   Section     1024  startup_stm32f405xx.o(STACK)

    Global Symbols

    Symbol Name                              Value     Ov Type        Size  Object(Section)

    BuildAttributes$$THM_ISAv4$E$P$D$K$B$S$7EM$VFPi3$EXTD16$VFPS$VFMA$PE$A:L22UL41UL21$X:L11$S22US41US21$IEEE1$IW$USESV6$~STKCKD$USESV7$~SHL$OSPACE$ROPI$EBA8$MICROLIB$REQ8$PRES8$EABIv2 0x00000000   Number         0  anon$$obj.o ABSOLUTE
    __ARM_use_no_argv                        0x00000000   Number         0  main.o ABSOLUTE
    __use_no_errno                           0x00000000   Number         0  useno.o ABSOLUTE
    __use_no_exception_handling              0x00000000   Number         0  useno.o ABSOLUTE
    __use_no_fp                              0x00000000   Number         0  useno.o ABSOLUTE
    __use_no_heap                            0x00000000   Number         0  useno.o ABSOLUTE
    __use_no_heap_region                     0x00000000   Number         0  useno.o ABSOLUTE
    __use_no_semihosting                     0x00000000   Number         0  useno.o ABSOLUTE
    __use_no_semihosting_swi                 0x00000000   Number         0  useno.o ABSOLUTE
    __use_no_signal_handling                 0x00000000   Number         0  useno.o ABSOLUTE
    _printf_a                                0x00000000   Number         0  stubs.o ABSOLUTE
    _printf_c                                0x00000000   Number         0  stubs.o ABSOLUTE
    _printf_charcount                        0x00000000   Number         0  stubs.o ABSOLUTE
    _printf_d                                0x00000000   Number         0  stubs.o ABSOLUTE
    _printf_e                                0x00000000   Number         0  stubs.o ABSOLUTE
    _printf_f                                0x00000000   Number         0  stubs.o ABSOLUTE
    _printf_flags                            0x00000000   Number         0  stubs.o ABSOLUTE
    _printf_fp_dec                           0x00000000   Number         0  stubs.o ABSOLUTE
    _printf_fp_hex                           0x00000000   Number         0  stubs.o ABSOLUTE
    _printf_g                                0x00000000   Number         0  stubs.o ABSOLUTE
    _printf_i                                0x00000000   Number         0  stubs.o ABSOLUTE
    _printf_int_dec                          0x00000000   Number         0  stubs.o ABSOLUTE
    _printf_l                                0x00000000   Number         0  stubs.o ABSOLUTE
    _printf_lc                               0x00000000   Number         0  stubs.o ABSOLUTE
    _printf_ll                               0x00000000   Number         0  stubs.o ABSOLUTE
    _printf_lld                              0x00000000   Number         0  stubs.o ABSOLUTE
    _printf_lli                              0x00000000   Number         0  stubs.o ABSOLUTE
    _printf_llo                              0x00000000   Number         0  stubs.o ABSOLUTE
    _printf_llu                              0x00000000   Number         0  stubs.o ABSOLUTE
    _printf_llx                              0x00000000   Number         0  stubs.o ABSOLUTE
    _printf_longlong_dec                     0x00000000   Number         0  stubs.o ABSOLUTE
    _printf_longlong_hex                     0x00000000   Number         0  stubs.o ABSOLUTE
    _printf_longlong_oct                     0x00000000   Number         0  stubs.o ABSOLUTE
    _printf_ls                               0x00000000   Number         0  stubs.o ABSOLUTE
    _printf_mbtowc                           0x00000000   Number         0  stubs.o ABSOLUTE
    _printf_n                                0x00000000   Number         0  stubs.o ABSOLUTE
    _printf_o                                0x00000000   Number         0  stubs.o ABSOLUTE
    _printf_p                                0x00000000   Number         0  stubs.o ABSOLUTE
    _printf_percent                          0x00000000   Number         0  stubs.o ABSOLUTE
    _printf_pre_padding                      0x00000000   Number         0  stubs.o ABSOLUTE
    _printf_return_value                     0x00000000   Number         0  stubs.o ABSOLUTE
    _printf_s                                0x00000000   Number         0  stubs.o ABSOLUTE
    _printf_sizespec                         0x00000000   Number         0  stubs.o ABSOLUTE
    _printf_str                              0x00000000   Number         0  stubs.o ABSOLUTE
    _printf_truncate_signed                  0x00000000   Number         0  stubs.o ABSOLUTE
    _printf_truncate_unsigned                0x00000000   Number         0  stubs.o ABSOLUTE
    _printf_u                                0x00000000   Number         0  stubs.o ABSOLUTE
    _printf_wc                               0x00000000   Number         0  stubs.o ABSOLUTE
    _printf_wctomb                           0x00000000   Number         0  stubs.o ABSOLUTE
    _printf_widthprec                        0x00000000   Number         0  stubs.o ABSOLUTE
    _printf_x                                0x00000000   Number         0  stubs.o ABSOLUTE
    __arm_fini_                               - Undefined Weak Reference
    __cpp_initialize__aeabi_                  - Undefined Weak Reference
    __cxa_finalize                            - Undefined Weak Reference
    __decompress                              - Undefined Weak Reference
    _clock_init                               - Undefined Weak Reference
    _microlib_exit                            - Undefined Weak Reference
    __Vectors_Size                           0x00000188   Number         0  startup_stm32f405xx.o ABSOLUTE
    __Vectors                                0x08000000   Data           4  startup_stm32f405xx.o(RESET)
    __Vectors_End                            0x08000188   Data           0  startup_stm32f405xx.o(RESET)
    __main                                   0x08000189   Thumb Code     0  entry.o(.ARM.Collect$$$$00000000)
    _main_stk                                0x08000189   Thumb Code     0  entry2.o(.ARM.Collect$$$$00000001)
    _main_scatterload                        0x0800018d   Thumb Code     0  entry5.o(.ARM.Collect$$$$00000004)
    __main_after_scatterload                 0x08000191   Thumb Code     0  entry5.o(.ARM.Collect$$$$00000004)
    _main_clock                              0x08000191   Thumb Code     0  entry7b.o(.ARM.Collect$$$$00000008)
    _main_cpp_init                           0x08000191   Thumb Code     0  entry8b.o(.ARM.Collect$$$$0000000A)
    _main_init                               0x08000191   Thumb Code     0  entry9a.o(.ARM.Collect$$$$0000000B)
    __rt_lib_shutdown_fini                   0x08000199   Thumb Code     0  entry12b.o(.ARM.Collect$$$$0000000E)
    __rt_final_cpp                           0x0800019d   Thumb Code     0  entry10a.o(.ARM.Collect$$$$0000000F)
    __rt_final_exit                          0x0800019d   Thumb Code     0  entry11a.o(.ARM.Collect$$$$00000011)
    Reset_Handler                            0x080001a1   Thumb Code     8  startup_stm32f405xx.o(.text)
    ADC_IRQHandler                           0x080001bb   Thumb Code     0  startup_stm32f405xx.o(.text)
    CAN1_RX0_IRQHandler                      0x080001bb   Thumb Code     0  startup_stm32f405xx.o(.text)
    CAN1_RX1_IRQHandler                      0x080001bb   Thumb Code     0  startup_stm32f405xx.o(.text)
    CAN1_SCE_IRQHandler                      0x080001bb   Thumb Code     0  startup_stm32f405xx.o(.text)
    CAN1_TX_IRQHandler                       0x080001bb   Thumb Code     0  startup_stm32f405xx.o(.text)
    CAN2_RX0_IRQHandler                      0x080001bb   Thumb Code     0  startup_stm32f405xx.o(.text)
    CAN2_RX1_IRQHandler                      0x080001bb   Thumb Code     0  startup_stm32f405xx.o(.text)
    CAN2_SCE_IRQHandler                      0x080001bb   Thumb Code     0  startup_stm32f405xx.o(.text)
    CAN2_TX_IRQHandler                       0x080001bb   Thumb Code     0  startup_stm32f405xx.o(.text)
    DMA1_Stream0_IRQHandler                  0x080001bb   Thumb Code     0  startup_stm32f405xx.o(.text)
    DMA1_Stream1_IRQHandler                  0x080001bb   Thumb Code     0  startup_stm32f405xx.o(.text)
    DMA1_Stream2_IRQHandler                  0x080001bb   Thumb Code     0  startup_stm32f405xx.o(.text)
    DMA1_Stream3_IRQHandler                  0x080001bb   Thumb Code     0  startup_stm32f405xx.o(.text)
    DMA1_Stream4_IRQHandler                  0x080001bb   Thumb Code     0  startup_stm32f405xx.o(.text)
    DMA1_Stream5_IRQHandler                  0x080001bb   Thumb Code     0  startup_stm32f405xx.o(.text)
    DMA1_Stream6_IRQHandler                  0x080001bb   Thumb Code     0  startup_stm32f405xx.o(.text)
    DMA1_Stream7_IRQHandler                  0x080001bb   Thumb Code     0  startup_stm32f405xx.o(.text)
    DMA2_Stream0_IRQHandler                  0x080001bb   Thumb Code     0  startup_stm32f405xx.o(.text)
    DMA2_Stream1_IRQHandler                  0x080001bb   Thumb Code     0  startup_stm32f405xx.o(.text)
    DMA2_Stream2_IRQHandler                  0x080001bb   Thumb Code     0  startup_stm32f405xx.o(.text)
    DMA2_Stream3_IRQHandler                  0x080001bb   Thumb Code     0  startup_stm32f405xx.o(.text)
    DMA2_Stream4_IRQHandler                  0x080001bb   Thumb Code     0  startup_stm32f405xx.o(.text)
    DMA2_Stream5_IRQHandler                  0x080001bb   Thumb Code     0  startup_stm32f405xx.o(.text)
    DMA2_Stream6_IRQHandler                  0x080001bb   Thumb Code     0  startup_stm32f405xx.o(.text)
    DMA2_Stream7_IRQHandler                  0x080001bb   Thumb Code     0  startup_stm32f405xx.o(.text)
    EXTI0_IRQHandler                         0x080001bb   Thumb Code     0  startup_stm32f405xx.o(.text)
    EXTI15_10_IRQHandler                     0x080001bb   Thumb Code     0  startup_stm32f405xx.o(.text)
    EXTI1_IRQHandler                         0x080001bb   Thumb Code     0  startup_stm32f405xx.o(.text)
    EXTI2_IRQHandler                         0x080001bb   Thumb Code     0  startup_stm32f405xx.o(.text)
    EXTI3_IRQHandler                         0x080001bb   Thumb Code     0  startup_stm32f405xx.o(.text)
    EXTI4_IRQHandler                         0x080001bb   Thumb Code     0  startup_stm32f405xx.o(.text)
    EXTI9_5_IRQHandler                       0x080001bb   Thumb Code     0  startup_stm32f405xx.o(.text)
    FLASH_IRQHandler                         0x080001bb   Thumb Code     0  startup_stm32f405xx.o(.text)
    FMC_IRQHandler                           0x080001bb   Thumb Code     0  startup_stm32f405xx.o(.text)
    FPU_IRQHandler                           0x080001bb   Thumb Code     0  startup_stm32f405xx.o(.text)
    HASH_RNG_IRQHandler                      0x080001bb   Thumb Code     0  startup_stm32f405xx.o(.text)
    I2C1_ER_IRQHandler                       0x080001bb   Thumb Code     0  startup_stm32f405xx.o(.text)
    I2C1_EV_IRQHandler                       0x080001bb   Thumb Code     0  startup_stm32f405xx.o(.text)
    I2C2_ER_IRQHandler                       0x080001bb   Thumb Code     0  startup_stm32f405xx.o(.text)
    I2C2_EV_IRQHandler                       0x080001bb   Thumb Code     0  startup_stm32f405xx.o(.text)
    I2C3_ER_IRQHandler                       0x080001bb   Thumb Code     0  startup_stm32f405xx.o(.text)
    I2C3_EV_IRQHandler                       0x080001bb   Thumb Code     0  startup_stm32f405xx.o(.text)
    OTG_FS_IRQHandler                        0x080001bb   Thumb Code     0  startup_stm32f405xx.o(.text)
    OTG_FS_WKUP_IRQHandler                   0x080001bb   Thumb Code     0  startup_stm32f405xx.o(.text)
    OTG_HS_EP1_IN_IRQHandler                 0x080001bb   Thumb Code     0  startup_stm32f405xx.o(.text)
    OTG_HS_EP1_OUT_IRQHandler                0x080001bb   Thumb Code     0  startup_stm32f405xx.o(.text)
    OTG_HS_IRQHandler                        0x080001bb   Thumb Code     0  startup_stm32f405xx.o(.text)
    OTG_HS_WKUP_IRQHandler                   0x080001bb   Thumb Code     0  startup_stm32f405xx.o(.text)
    PVD_IRQHandler                           0x080001bb   Thumb Code     0  startup_stm32f405xx.o(.text)
    RCC_IRQHandler                           0x080001bb   Thumb Code     0  startup_stm32f405xx.o(.text)
    RTC_Alarm_IRQHandler                     0x080001bb   Thumb Code     0  startup_stm32f405xx.o(.text)
    RTC_WKUP_IRQHandler                      0x080001bb   Thumb Code     0  startup_stm32f405xx.o(.text)
    SDIO_IRQHandler                          0x080001bb   Thumb Code     0  startup_stm32f405xx.o(.text)
    SPI1_IRQHandler                          0x080001bb   Thumb Code     0  startup_stm32f405xx.o(.text)
    SPI2_IRQHandler                          0x080001bb   Thumb Code     0  startup_stm32f405xx.o(.text)
    SPI3_IRQHandler                          0x080001bb   Thumb Code     0  startup_stm32f405xx.o(.text)
    TAMP_STAMP_IRQHandler                    0x080001bb   Thumb Code     0  startup_stm32f405xx.o(.text)
    TIM1_BRK_TIM9_IRQHandler                 0x080001bb   Thumb Code     0  startup_stm32f405xx.o(.text)
    TIM1_CC_IRQHandler                       0x080001bb   Thumb Code     0  startup_stm32f405xx.o(.text)
    TIM1_TRG_COM_TIM11_IRQHandler            0x080001bb   Thumb Code     0  startup_stm32f405xx.o(.text)
    TIM1_UP_TIM10_IRQHandler                 0x080001bb   Thumb Code     0  startup_stm32f405xx.o(.text)
    TIM2_IRQHandler                          0x080001bb   Thumb Code     0  startup_stm32f405xx.o(.text)
    TIM3_IRQHandler                          0x080001bb   Thumb Code     0  startup_stm32f405xx.o(.text)
    TIM4_IRQHandler                          0x080001bb   Thumb Code     0  startup_stm32f405xx.o(.text)
    TIM5_IRQHandler                          0x080001bb   Thumb Code     0  startup_stm32f405xx.o(.text)
    TIM7_IRQHandler                          0x080001bb   Thumb Code     0  startup_stm32f405xx.o(.text)
    TIM8_BRK_TIM12_IRQHandler                0x080001bb   Thumb Code     0  startup_stm32f405xx.o(.text)
    TIM8_CC_IRQHandler                       0x080001bb   Thumb Code     0  startup_stm32f405xx.o(.text)
    TIM8_TRG_COM_TIM14_IRQHandler            0x080001bb   Thumb Code     0  startup_stm32f405xx.o(.text)
    TIM8_UP_TIM13_IRQHandler                 0x080001bb   Thumb Code     0  startup_stm32f405xx.o(.text)
    UART4_IRQHandler                         0x080001bb   Thumb Code     0  startup_stm32f405xx.o(.text)
    UART5_IRQHandler                         0x080001bb   Thumb Code     0  startup_stm32f405xx.o(.text)
    USART2_IRQHandler                        0x080001bb   Thumb Code     0  startup_stm32f405xx.o(.text)
    USART3_IRQHandler                        0x080001bb   Thumb Code     0  startup_stm32f405xx.o(.text)
    USART6_IRQHandler                        0x080001bb   Thumb Code     0  startup_stm32f405xx.o(.text)
    WWDG_IRQHandler                          0x080001bb   Thumb Code     0  startup_stm32f405xx.o(.text)
    __aeabi_uldivmod                         0x080001c5   Thumb Code    98  uldiv.o(.text)
    __aeabi_memset                           0x08000227   Thumb Code    14  memseta.o(.text)
    __aeabi_memset4                          0x08000227   Thumb Code     0  memseta.o(.text)
    __aeabi_memset8                          0x08000227   Thumb Code     0  memseta.o(.text)
    __aeabi_memclr                           0x08000235   Thumb Code     4  memseta.o(.text)
    __aeabi_memclr4                          0x08000235   Thumb Code     0  memseta.o(.text)
    __aeabi_memclr8                          0x08000235   Thumb Code     0  memseta.o(.text)
    _memset$wrapper                          0x08000239   Thumb Code    18  memseta.o(.text)
    __aeabi_uidiv                            0x0800024b   Thumb Code     0  uidiv.o(.text)
    __aeabi_uidivmod                         0x0800024b   Thumb Code    44  uidiv.o(.text)
    __aeabi_llsl                             0x08000277   Thumb Code    30  llshl.o(.text)
    _ll_shift_l                              0x08000277   Thumb Code     0  llshl.o(.text)
    __aeabi_llsr                             0x08000295   Thumb Code    32  llushr.o(.text)
    _ll_ushift_r                             0x08000295   Thumb Code     0  llushr.o(.text)
    __scatterload                            0x080002b5   Thumb Code    28  init.o(.text)
    __scatterload_rt2                        0x080002b5   Thumb Code     0  init.o(.text)
    BackLmoter_PwmSet                        0x080002d9   Thumb Code    10  moterdriver.o(i.BackLmoter_PwmSet)
    BackLmoter_Stop                          0x080002e9   Thumb Code     8  moterdriver.o(i.BackLmoter_Stop)
    BackRmoter_PwmSet                        0x080002f1   Thumb Code    10  moterdriver.o(i.BackRmoter_PwmSet)
    BackRmoter_Stop                          0x08000301   Thumb Code     8  moterdriver.o(i.BackRmoter_Stop)
    BusFault_Handler                         0x08000309   Thumb Code     2  stm32f4xx_it.o(i.BusFault_Handler)
    DebugMon_Handler                         0x0800030b   Thumb Code     2  stm32f4xx_it.o(i.DebugMon_Handler)
    FrontLmoter_PwmSet                       0x0800030d   Thumb Code    10  moterdriver.o(i.FrontLmoter_PwmSet)
    FrontLmoter_Stop                         0x0800031d   Thumb Code     8  moterdriver.o(i.FrontLmoter_Stop)
    FrontRmoter_PwmSet                       0x08000325   Thumb Code    10  moterdriver.o(i.FrontRmoter_PwmSet)
    FrontRmoter_Stop                         0x08000335   Thumb Code     8  moterdriver.o(i.FrontRmoter_Stop)
    HAL_DMA_Abort                            0x0800033d   Thumb Code   142  stm32f4xx_hal_dma.o(i.HAL_DMA_Abort)
    HAL_DMA_Abort_IT                         0x080003cb   Thumb Code    36  stm32f4xx_hal_dma.o(i.HAL_DMA_Abort_IT)
    HAL_GPIO_Init                            0x080003f1   Thumb Code   418  stm32f4xx_hal_gpio.o(i.HAL_GPIO_Init)
    HAL_GPIO_TogglePin                       0x080005c1   Thumb Code    16  stm32f4xx_hal_gpio.o(i.HAL_GPIO_TogglePin)
    HAL_GPIO_WritePin                        0x080005d1   Thumb Code    14  stm32f4xx_hal_gpio.o(i.HAL_GPIO_WritePin)
    HAL_GetREVID                             0x080005e1   Thumb Code     8  stm32f4xx_hal.o(i.HAL_GetREVID)
    HAL_GetTick                              0x080005ed   Thumb Code     6  stm32f4xx_hal.o(i.HAL_GetTick)
    HAL_IncTick                              0x080005f9   Thumb Code    12  stm32f4xx_hal.o(i.HAL_IncTick)
    HAL_Init                                 0x08000609   Thumb Code    40  stm32f4xx_hal.o(i.HAL_Init)
    HAL_InitTick                             0x08000635   Thumb Code    58  stm32f4xx_hal.o(i.HAL_InitTick)
    HAL_MspInit                              0x08000679   Thumb Code     2  stm32f4xx_hal_msp_template.o(i.HAL_MspInit)
    HAL_NVIC_EnableIRQ                       0x0800067b   Thumb Code    26  stm32f4xx_hal_cortex.o(i.HAL_NVIC_EnableIRQ)
    HAL_NVIC_SetPriority                     0x08000695   Thumb Code    60  stm32f4xx_hal_cortex.o(i.HAL_NVIC_SetPriority)
    HAL_NVIC_SetPriorityGrouping             0x080006d5   Thumb Code    26  stm32f4xx_hal_cortex.o(i.HAL_NVIC_SetPriorityGrouping)
    HAL_RCC_ClockConfig                      0x080006f9   Thumb Code   310  stm32f4xx_hal_rcc.o(i.HAL_RCC_ClockConfig)
    HAL_RCC_GetHCLKFreq                      0x08000845   Thumb Code     6  stm32f4xx_hal_rcc.o(i.HAL_RCC_GetHCLKFreq)
    HAL_RCC_GetPCLK1Freq                     0x08000851   Thumb Code    22  stm32f4xx_hal_rcc.o(i.HAL_RCC_GetPCLK1Freq)
    HAL_RCC_GetPCLK2Freq                     0x08000871   Thumb Code    22  stm32f4xx_hal_rcc.o(i.HAL_RCC_GetPCLK2Freq)
    HAL_RCC_GetSysClockFreq                  0x08000891   Thumb Code    94  stm32f4xx_hal_rcc.o(i.HAL_RCC_GetSysClockFreq)
    HAL_RCC_OscConfig                        0x080008f9   Thumb Code   942  stm32f4xx_hal_rcc.o(i.HAL_RCC_OscConfig)
    HAL_SYSTICK_Config                       0x08000cb9   Thumb Code    40  stm32f4xx_hal_cortex.o(i.HAL_SYSTICK_Config)
    HAL_TIMEx_BreakCallback                  0x08000ce1   Thumb Code     2  stm32f4xx_hal_tim_ex.o(i.HAL_TIMEx_BreakCallback)
    HAL_TIMEx_CommutCallback                 0x08000ce3   Thumb Code     2  stm32f4xx_hal_tim_ex.o(i.HAL_TIMEx_CommutCallback)
    HAL_TIM_Base_Init                        0x08000ce5   Thumb Code    74  stm32f4xx_hal_tim.o(i.HAL_TIM_Base_Init)
    HAL_TIM_Base_MspInit                     0x08000d31   Thumb Code    50  btim.o(i.HAL_TIM_Base_MspInit)
    HAL_TIM_Base_Start_IT                    0x08000d6d   Thumb Code   110  stm32f4xx_hal_tim.o(i.HAL_TIM_Base_Start_IT)
    HAL_TIM_IC_CaptureCallback               0x08000df9   Thumb Code     2  stm32f4xx_hal_tim.o(i.HAL_TIM_IC_CaptureCallback)
    HAL_TIM_IRQHandler                       0x08000dfb   Thumb Code   366  stm32f4xx_hal_tim.o(i.HAL_TIM_IRQHandler)
    HAL_TIM_OC_DelayElapsedCallback          0x08000f69   Thumb Code     2  stm32f4xx_hal_tim.o(i.HAL_TIM_OC_DelayElapsedCallback)
    HAL_TIM_PWM_ConfigChannel                0x08000f6b   Thumb Code   210  stm32f4xx_hal_tim.o(i.HAL_TIM_PWM_ConfigChannel)
    HAL_TIM_PWM_Init                         0x0800103d   Thumb Code    74  stm32f4xx_hal_tim.o(i.HAL_TIM_PWM_Init)
    HAL_TIM_PWM_MspInit                      0x08001089   Thumb Code   154  moterdriver.o(i.HAL_TIM_PWM_MspInit)
    HAL_TIM_PWM_PulseFinishedCallback        0x08001139   Thumb Code     2  stm32f4xx_hal_tim.o(i.HAL_TIM_PWM_PulseFinishedCallback)
    HAL_TIM_PWM_Start                        0x0800113d   Thumb Code   190  stm32f4xx_hal_tim.o(i.HAL_TIM_PWM_Start)
    HAL_TIM_PeriodElapsedCallback            0x08001219   Thumb Code    14  btim.o(i.HAL_TIM_PeriodElapsedCallback)
    HAL_TIM_TriggerCallback                  0x0800122d   Thumb Code     2  stm32f4xx_hal_tim.o(i.HAL_TIM_TriggerCallback)
    HAL_UARTEx_RxEventCallback               0x0800122f   Thumb Code     2  stm32f4xx_hal_uart.o(i.HAL_UARTEx_RxEventCallback)
    HAL_UART_ErrorCallback                   0x08001231   Thumb Code     2  stm32f4xx_hal_uart.o(i.HAL_UART_ErrorCallback)
    HAL_UART_IRQHandler                      0x08001235   Thumb Code   458  stm32f4xx_hal_uart.o(i.HAL_UART_IRQHandler)
    HAL_UART_Init                            0x08001405   Thumb Code   100  stm32f4xx_hal_uart.o(i.HAL_UART_Init)
    HAL_UART_MspInit                         0x08001469   Thumb Code   130  usart.o(i.HAL_UART_MspInit)
    HAL_UART_Receive_IT                      0x080014f9   Thumb Code    46  stm32f4xx_hal_uart.o(i.HAL_UART_Receive_IT)
    HAL_UART_RxCpltCallback                  0x08001529   Thumb Code    96  usart.o(i.HAL_UART_RxCpltCallback)
    HAL_UART_TxCpltCallback                  0x08001595   Thumb Code     2  stm32f4xx_hal_uart.o(i.HAL_UART_TxCpltCallback)
    HardFault_Handler                        0x08001597   Thumb Code     2  stm32f4xx_it.o(i.HardFault_Handler)
    Hard_devInit                             0x08001599   Thumb Code    60  task.o(i.Hard_devInit)
    MemManage_Handler                        0x080015d5   Thumb Code     2  stm32f4xx_it.o(i.MemManage_Handler)
    MoterBack_pwm_chy_init                   0x080015d9   Thumb Code   118  moterdriver.o(i.MoterBack_pwm_chy_init)
    MoterFront_pwm_chy_init                  0x08001655   Thumb Code   118  moterdriver.o(i.MoterFront_pwm_chy_init)
    MoterdriveInit                           0x080016d1   Thumb Code    42  moterdriver.o(i.MoterdriveInit)
    NMI_Handler                              0x080016fb   Thumb Code     2  stm32f4xx_it.o(i.NMI_Handler)
    OS_IT_RUN                                0x080016fd   Thumb Code    64  api_schedule.o(i.OS_IT_RUN)
    PS2_AnologData                           0x08001741   Thumb Code     6  ps2.o(i.PS2_AnologData)
    PS2_CapData                              0x0800174d   Thumb Code   112  ps2.o(i.PS2_CapData)
    PS2_ClearData                            0x08001805   Thumb Code    18  ps2.o(i.PS2_ClearData)
    PS2_Cmd                                  0x0800181d   Thumb Code   114  ps2.o(i.PS2_Cmd)
    PS2_DataKey                              0x08001899   Thumb Code    58  ps2.o(i.PS2_DataKey)
    PS2_EnterConfig                          0x080018dd   Thumb Code    82  ps2.o(i.PS2_EnterConfig)
    PS2_ExitSaveConfig                       0x08001935   Thumb Code    82  ps2.o(i.PS2_ExitSaveConfig)
    PS2_GPIOInit                             0x0800198d   Thumb Code    68  ps2.o(i.PS2_GPIOInit)
    PS2_ReadData                             0x080019d9   Thumb Code   144  ps2.o(i.PS2_ReadData)
    PS2_SetInit                              0x08001a75   Thumb Code    40  ps2.o(i.PS2_SetInit)
    PS2_ShortPoll                            0x08001a9d   Thumb Code    58  ps2.o(i.PS2_ShortPoll)
    PS2_VibrationConfig                      0x08001add   Thumb Code    58  ps2.o(i.PS2_VibrationConfig)
    PS2_VibrationSet                         0x08001b1d   Thumb Code    86  ps2.o(i.PS2_VibrationSet)
    PS2_WorkModeConfig                       0x08001b79   Thumb Code    76  ps2.o(i.PS2_WorkModeConfig)
    PeachOSRun                               0x08001bc9   Thumb Code    48  api_schedule.o(i.PeachOSRun)
    PendSV_Handler                           0x08001bfd   Thumb Code     2  stm32f4xx_it.o(i.PendSV_Handler)
    SVC_Handler                              0x08001bff   Thumb Code     2  stm32f4xx_it.o(i.SVC_Handler)
    SysTick_Handler                          0x08001c01   Thumb Code     4  stm32f4xx_it.o(i.SysTick_Handler)
    SystemInit                               0x08001c05   Thumb Code    12  system_stm32f4xx.o(i.SystemInit)
    TIM6_DAC_IRQHandler                      0x08001c15   Thumb Code     6  btim.o(i.TIM6_DAC_IRQHandler)
    TIM_Base_SetConfig                       0x08001c21   Thumb Code   160  stm32f4xx_hal_tim.o(i.TIM_Base_SetConfig)
    TIM_CCxChannelCmd                        0x08001ced   Thumb Code    26  stm32f4xx_hal_tim.o(i.TIM_CCxChannelCmd)
    TIM_OC2_SetConfig                        0x08001d71   Thumb Code   106  stm32f4xx_hal_tim.o(i.TIM_OC2_SetConfig)
    Task_GetPS2Data                          0x08001ea9   Thumb Code     4  task.o(i.Task_GetPS2Data)
    Task_LedFlash                            0x08001ead   Thumb Code     8  task.o(i.Task_LedFlash)
    UART_Start_Receive_IT                    0x080020d9   Thumb Code    54  stm32f4xx_hal_uart.o(i.UART_Start_Receive_IT)
    USART1_IRQHandler                        0x0800216d   Thumb Code     6  usart.o(i.USART1_IRQHandler)
    UsageFault_Handler                       0x08002179   Thumb Code     2  stm32f4xx_it.o(i.UsageFault_Handler)
    __0printf$6                              0x0800217d   Thumb Code    22  printf6.o(i.__0printf$6)
    __1printf$6                              0x0800217d   Thumb Code     0  printf6.o(i.__0printf$6)
    __2printf                                0x0800217d   Thumb Code     0  printf6.o(i.__0printf$6)
    __scatterload_copy                       0x080021bd   Thumb Code    14  handlers.o(i.__scatterload_copy)
    __scatterload_null                       0x080021cb   Thumb Code     2  handlers.o(i.__scatterload_null)
    __scatterload_zeroinit                   0x080021cd   Thumb Code    14  handlers.o(i.__scatterload_zeroinit)
    btim_timx_int_init                       0x08002521   Thumb Code    32  btim.o(i.btim_timx_int_init)
    delay_init                               0x08002549   Thumb Code     6  delay.o(i.delay_init)
    delay_us                                 0x08002555   Thumb Code    50  delay.o(i.delay_us)
    fputc                                    0x0800258d   Thumb Code    14  usart.o(i.fputc)
    led_init                                 0x080025a1   Thumb Code   102  led.o(i.led_init)
    main                                     0x08002615   Thumb Code    10  main.o(i.main)
    sys_stm32_clock_init                     0x08002621   Thumb Code   172  sys.o(i.sys_stm32_clock_init)
    usart_init                               0x080026d9   Thumb Code    44  usart.o(i.usart_init)
    AHBPrescTable                            0x08002710   Data          16  system_stm32f4xx.o(.constdata)
    APBPrescTable                            0x08002720   Data           8  system_stm32f4xx.o(.constdata)
    Region$$Table$$Base                      0x08002728   Number         0  anon$$obj.o(Region$$Table)
    Region$$Table$$Limit                     0x08002748   Number         0  anon$$obj.o(Region$$Table)
    SystemCoreClock                          0x20000000   Data           4  system_stm32f4xx.o(.data)
    g_rx_buffer                              0x20000008   Data           1  usart.o(.data)
    g_usart_rx_sta                           0x2000000a   Data           2  usart.o(.data)
    __stdout                                 0x2000000c   Data           4  usart.o(.data)
    uwTickFreq                               0x20000010   Data           1  stm32f4xx_hal.o(.data)
    uwTickPrio                               0x20000014   Data           4  stm32f4xx_hal.o(.data)
    uwTick                                   0x20000018   Data           4  stm32f4xx_hal.o(.data)
    TaskCount                                0x2000001c   Data           1  api_schedule.o(.data)
    TaskST                                   0x20000020   Data          24  api_schedule.o(.data)
    g_usart_rx_buf                           0x20000060   Data         200  usart.o(.bss)
    g_uart1_handle                           0x20000128   Data          68  usart.o(.bss)
    g_timx_handler                           0x2000016c   Data          72  btim.o(.bss)
    __initial_sp                             0x200005c0   Data           0  startup_stm32f405xx.o(STACK)



==============================================================================

Memory Map of the image

  Image Entry point : 0x08000189

  Load Region LR_IROM1 (Base: 0x08000000, Size: 0x000027a8, Max: 0x00100000, ABSOLUTE)

    Execution Region ER_IROM1 (Exec base: 0x08000000, Load base: 0x08000000, Size: 0x00002748, Max: 0x00100000, ABSOLUTE)

    Exec Addr    Load Addr    Size         Type   Attr      Idx    E Section Name        Object

    0x08000000   0x08000000   0x00000188   Data   RO            3    RESET               startup_stm32f405xx.o
    0x08000188   0x08000188   0x00000000   Code   RO         9674  * .ARM.Collect$$$$00000000  mc_w.l(entry.o)
    0x08000188   0x08000188   0x00000004   Code   RO         9954    .ARM.Collect$$$$00000001  mc_w.l(entry2.o)
    0x0800018c   0x0800018c   0x00000004   Code   RO         9957    .ARM.Collect$$$$00000004  mc_w.l(entry5.o)
    0x08000190   0x08000190   0x00000000   Code   RO         9959    .ARM.Collect$$$$00000008  mc_w.l(entry7b.o)
    0x08000190   0x08000190   0x00000000   Code   RO         9961    .ARM.Collect$$$$0000000A  mc_w.l(entry8b.o)
    0x08000190   0x08000190   0x00000008   Code   RO         9962    .ARM.Collect$$$$0000000B  mc_w.l(entry9a.o)
    0x08000198   0x08000198   0x00000004   Code   RO         9969    .ARM.Collect$$$$0000000E  mc_w.l(entry12b.o)
    0x0800019c   0x0800019c   0x00000000   Code   RO         9964    .ARM.Collect$$$$0000000F  mc_w.l(entry10a.o)
    0x0800019c   0x0800019c   0x00000000   Code   RO         9966    .ARM.Collect$$$$00000011  mc_w.l(entry11a.o)
    0x0800019c   0x0800019c   0x00000004   Code   RO         9955    .ARM.Collect$$$$00002712  mc_w.l(entry2.o)
    0x080001a0   0x080001a0   0x00000024   Code   RO            4    .text               startup_stm32f405xx.o
    0x080001c4   0x080001c4   0x00000062   Code   RO         9677    .text               mc_w.l(uldiv.o)
    0x08000226   0x08000226   0x00000024   Code   RO         9681    .text               mc_w.l(memseta.o)
    0x0800024a   0x0800024a   0x0000002c   Code   RO         9970    .text               mc_w.l(uidiv.o)
    0x08000276   0x08000276   0x0000001e   Code   RO         9972    .text               mc_w.l(llshl.o)
    0x08000294   0x08000294   0x00000020   Code   RO         9974    .text               mc_w.l(llushr.o)
    0x080002b4   0x080002b4   0x00000024   Code   RO         9985    .text               mc_w.l(init.o)
    0x080002d8   0x080002d8   0x00000010   Code   RO         9508    i.BackLmoter_PwmSet  moterdriver.o
    0x080002e8   0x080002e8   0x00000008   Code   RO         9509    i.BackLmoter_Stop   moterdriver.o
    0x080002f0   0x080002f0   0x00000010   Code   RO         9512    i.BackRmoter_PwmSet  moterdriver.o
    0x08000300   0x08000300   0x00000008   Code   RO         9513    i.BackRmoter_Stop   moterdriver.o
    0x08000308   0x08000308   0x00000002   Code   RO           13    i.BusFault_Handler  stm32f4xx_it.o
    0x0800030a   0x0800030a   0x00000002   Code   RO           14    i.DebugMon_Handler  stm32f4xx_it.o
    0x0800030c   0x0800030c   0x00000010   Code   RO         9516    i.FrontLmoter_PwmSet  moterdriver.o
    0x0800031c   0x0800031c   0x00000008   Code   RO         9517    i.FrontLmoter_Stop  moterdriver.o
    0x08000324   0x08000324   0x00000010   Code   RO         9520    i.FrontRmoter_PwmSet  moterdriver.o
    0x08000334   0x08000334   0x00000008   Code   RO         9521    i.FrontRmoter_Stop  moterdriver.o
    0x0800033c   0x0800033c   0x0000008e   Code   RO         2018    i.HAL_DMA_Abort     stm32f4xx_hal_dma.o
    0x080003ca   0x080003ca   0x00000024   Code   RO         2019    i.HAL_DMA_Abort_IT  stm32f4xx_hal_dma.o
    0x080003ee   0x080003ee   0x00000002   PAD
    0x080003f0   0x080003f0   0x000001d0   Code   RO         2604    i.HAL_GPIO_Init     stm32f4xx_hal_gpio.o
    0x080005c0   0x080005c0   0x00000010   Code   RO         2607    i.HAL_GPIO_TogglePin  stm32f4xx_hal_gpio.o
    0x080005d0   0x080005d0   0x0000000e   Code   RO         2608    i.HAL_GPIO_WritePin  stm32f4xx_hal_gpio.o
    0x080005de   0x080005de   0x00000002   PAD
    0x080005e0   0x080005e0   0x0000000c   Code   RO          789    i.HAL_GetREVID      stm32f4xx_hal.o
    0x080005ec   0x080005ec   0x0000000c   Code   RO          790    i.HAL_GetTick       stm32f4xx_hal.o
    0x080005f8   0x080005f8   0x00000010   Code   RO          796    i.HAL_IncTick       stm32f4xx_hal.o
    0x08000608   0x08000608   0x0000002c   Code   RO          797    i.HAL_Init          stm32f4xx_hal.o
    0x08000634   0x08000634   0x00000044   Code   RO          798    i.HAL_InitTick      stm32f4xx_hal.o
    0x08000678   0x08000678   0x00000002   Code   RO         4044    i.HAL_MspInit       stm32f4xx_hal_msp_template.o
    0x0800067a   0x0800067a   0x0000001a   Code   RO         1495    i.HAL_NVIC_EnableIRQ  stm32f4xx_hal_cortex.o
    0x08000694   0x08000694   0x00000040   Code   RO         1501    i.HAL_NVIC_SetPriority  stm32f4xx_hal_cortex.o
    0x080006d4   0x080006d4   0x00000024   Code   RO         1502    i.HAL_NVIC_SetPriorityGrouping  stm32f4xx_hal_cortex.o
    0x080006f8   0x080006f8   0x0000014c   Code   RO         4943    i.HAL_RCC_ClockConfig  stm32f4xx_hal_rcc.o
    0x08000844   0x08000844   0x0000000c   Code   RO         4948    i.HAL_RCC_GetHCLKFreq  stm32f4xx_hal_rcc.o
    0x08000850   0x08000850   0x00000020   Code   RO         4950    i.HAL_RCC_GetPCLK1Freq  stm32f4xx_hal_rcc.o
    0x08000870   0x08000870   0x00000020   Code   RO         4951    i.HAL_RCC_GetPCLK2Freq  stm32f4xx_hal_rcc.o
    0x08000890   0x08000890   0x00000068   Code   RO         4952    i.HAL_RCC_GetSysClockFreq  stm32f4xx_hal_rcc.o
    0x080008f8   0x080008f8   0x000003c0   Code   RO         4955    i.HAL_RCC_OscConfig  stm32f4xx_hal_rcc.o
    0x08000cb8   0x08000cb8   0x00000028   Code   RO         1506    i.HAL_SYSTICK_Config  stm32f4xx_hal_cortex.o
    0x08000ce0   0x08000ce0   0x00000002   Code   RO         7363    i.HAL_TIMEx_BreakCallback  stm32f4xx_hal_tim_ex.o
    0x08000ce2   0x08000ce2   0x00000002   Code   RO         7364    i.HAL_TIMEx_CommutCallback  stm32f4xx_hal_tim_ex.o
    0x08000ce4   0x08000ce4   0x0000004a   Code   RO         6648    i.HAL_TIM_Base_Init  stm32f4xx_hal_tim.o
    0x08000d2e   0x08000d2e   0x00000002   PAD
    0x08000d30   0x08000d30   0x0000003c   Code   RO         9299    i.HAL_TIM_Base_MspInit  btim.o
    0x08000d6c   0x08000d6c   0x0000008c   Code   RO         6653    i.HAL_TIM_Base_Start_IT  stm32f4xx_hal_tim.o
    0x08000df8   0x08000df8   0x00000002   Code   RO         6682    i.HAL_TIM_IC_CaptureCallback  stm32f4xx_hal_tim.o
    0x08000dfa   0x08000dfa   0x0000016e   Code   RO         6696    i.HAL_TIM_IRQHandler  stm32f4xx_hal_tim.o
    0x08000f68   0x08000f68   0x00000002   Code   RO         6699    i.HAL_TIM_OC_DelayElapsedCallback  stm32f4xx_hal_tim.o
    0x08000f6a   0x08000f6a   0x000000d2   Code   RO         6720    i.HAL_TIM_PWM_ConfigChannel  stm32f4xx_hal_tim.o
    0x0800103c   0x0800103c   0x0000004a   Code   RO         6723    i.HAL_TIM_PWM_Init  stm32f4xx_hal_tim.o
    0x08001086   0x08001086   0x00000002   PAD
    0x08001088   0x08001088   0x000000b0   Code   RO         9522    i.HAL_TIM_PWM_MspInit  moterdriver.o
    0x08001138   0x08001138   0x00000002   Code   RO         6726    i.HAL_TIM_PWM_PulseFinishedCallback  stm32f4xx_hal_tim.o
    0x0800113a   0x0800113a   0x00000002   PAD
    0x0800113c   0x0800113c   0x000000dc   Code   RO         6728    i.HAL_TIM_PWM_Start  stm32f4xx_hal_tim.o
    0x08001218   0x08001218   0x00000014   Code   RO         9300    i.HAL_TIM_PeriodElapsedCallback  btim.o
    0x0800122c   0x0800122c   0x00000002   Code   RO         6739    i.HAL_TIM_TriggerCallback  stm32f4xx_hal_tim.o
    0x0800122e   0x0800122e   0x00000002   Code   RO         7641    i.HAL_UARTEx_RxEventCallback  stm32f4xx_hal_uart.o
    0x08001230   0x08001230   0x00000002   Code   RO         7655    i.HAL_UART_ErrorCallback  stm32f4xx_hal_uart.o
    0x08001232   0x08001232   0x00000002   PAD
    0x08001234   0x08001234   0x000001d0   Code   RO         7658    i.HAL_UART_IRQHandler  stm32f4xx_hal_uart.o
    0x08001404   0x08001404   0x00000064   Code   RO         7659    i.HAL_UART_Init     stm32f4xx_hal_uart.o
    0x08001468   0x08001468   0x00000090   Code   RO          699    i.HAL_UART_MspInit  usart.o
    0x080014f8   0x080014f8   0x0000002e   Code   RO         7664    i.HAL_UART_Receive_IT  stm32f4xx_hal_uart.o
    0x08001526   0x08001526   0x00000002   PAD
    0x08001528   0x08001528   0x0000006c   Code   RO          700    i.HAL_UART_RxCpltCallback  usart.o
    0x08001594   0x08001594   0x00000002   Code   RO         7670    i.HAL_UART_TxCpltCallback  stm32f4xx_hal_uart.o
    0x08001596   0x08001596   0x00000002   Code   RO           15    i.HardFault_Handler  stm32f4xx_it.o
    0x08001598   0x08001598   0x0000003c   Code   RO         9213    i.Hard_devInit      task.o
    0x080015d4   0x080015d4   0x00000002   Code   RO           16    i.MemManage_Handler  stm32f4xx_it.o
    0x080015d6   0x080015d6   0x00000002   PAD
    0x080015d8   0x080015d8   0x0000007c   Code   RO         9524    i.MoterBack_pwm_chy_init  moterdriver.o
    0x08001654   0x08001654   0x0000007c   Code   RO         9525    i.MoterFront_pwm_chy_init  moterdriver.o
    0x080016d0   0x080016d0   0x0000002a   Code   RO         9526    i.MoterdriveInit    moterdriver.o
    0x080016fa   0x080016fa   0x00000002   Code   RO           17    i.NMI_Handler       stm32f4xx_it.o
    0x080016fc   0x080016fc   0x00000044   Code   RO         9259    i.OS_IT_RUN         api_schedule.o
    0x08001740   0x08001740   0x0000000c   Code   RO         9390    i.PS2_AnologData    ps2.o
    0x0800174c   0x0800174c   0x000000b8   Code   RO         9391    i.PS2_CapData       ps2.o
    0x08001804   0x08001804   0x00000018   Code   RO         9392    i.PS2_ClearData     ps2.o
    0x0800181c   0x0800181c   0x0000007c   Code   RO         9393    i.PS2_Cmd           ps2.o
    0x08001898   0x08001898   0x00000044   Code   RO         9394    i.PS2_DataKey       ps2.o
    0x080018dc   0x080018dc   0x00000058   Code   RO         9395    i.PS2_EnterConfig   ps2.o
    0x08001934   0x08001934   0x00000058   Code   RO         9396    i.PS2_ExitSaveConfig  ps2.o
    0x0800198c   0x0800198c   0x0000004c   Code   RO         9397    i.PS2_GPIOInit      ps2.o
    0x080019d8   0x080019d8   0x0000009c   Code   RO         9398    i.PS2_ReadData      ps2.o
    0x08001a74   0x08001a74   0x00000028   Code   RO         9400    i.PS2_SetInit       ps2.o
    0x08001a9c   0x08001a9c   0x00000040   Code   RO         9401    i.PS2_ShortPoll     ps2.o
    0x08001adc   0x08001adc   0x00000040   Code   RO         9402    i.PS2_VibrationConfig  ps2.o
    0x08001b1c   0x08001b1c   0x0000005c   Code   RO         9403    i.PS2_VibrationSet  ps2.o
    0x08001b78   0x08001b78   0x00000050   Code   RO         9404    i.PS2_WorkModeConfig  ps2.o
    0x08001bc8   0x08001bc8   0x00000034   Code   RO         9260    i.PeachOSRun        api_schedule.o
    0x08001bfc   0x08001bfc   0x00000002   Code   RO           18    i.PendSV_Handler    stm32f4xx_it.o
    0x08001bfe   0x08001bfe   0x00000002   Code   RO           19    i.SVC_Handler       stm32f4xx_it.o
    0x08001c00   0x08001c00   0x00000004   Code   RO           20    i.SysTick_Handler   stm32f4xx_it.o
    0x08001c04   0x08001c04   0x00000010   Code   RO          285    i.SystemInit        system_stm32f4xx.o
    0x08001c14   0x08001c14   0x0000000c   Code   RO         9301    i.TIM6_DAC_IRQHandler  btim.o
    0x08001c20   0x08001c20   0x000000cc   Code   RO         6741    i.TIM_Base_SetConfig  stm32f4xx_hal_tim.o
    0x08001cec   0x08001cec   0x0000001a   Code   RO         6742    i.TIM_CCxChannelCmd  stm32f4xx_hal_tim.o
    0x08001d06   0x08001d06   0x00000002   PAD
    0x08001d08   0x08001d08   0x00000068   Code   RO         6754    i.TIM_OC1_SetConfig  stm32f4xx_hal_tim.o
    0x08001d70   0x08001d70   0x00000074   Code   RO         6755    i.TIM_OC2_SetConfig  stm32f4xx_hal_tim.o
    0x08001de4   0x08001de4   0x00000070   Code   RO         6756    i.TIM_OC3_SetConfig  stm32f4xx_hal_tim.o
    0x08001e54   0x08001e54   0x00000054   Code   RO         6757    i.TIM_OC4_SetConfig  stm32f4xx_hal_tim.o
    0x08001ea8   0x08001ea8   0x00000004   Code   RO         9214    i.Task_GetPS2Data   task.o
    0x08001eac   0x08001eac   0x0000000c   Code   RO         9215    i.Task_LedFlash     task.o
    0x08001eb8   0x08001eb8   0x00000010   Code   RO         7672    i.UART_DMAAbortOnError  stm32f4xx_hal_uart.o
    0x08001ec8   0x08001ec8   0x00000030   Code   RO         7682    i.UART_EndRxTransfer  stm32f4xx_hal_uart.o
    0x08001ef8   0x08001ef8   0x0000001a   Code   RO         7683    i.UART_EndTransmit_IT  stm32f4xx_hal_uart.o
    0x08001f12   0x08001f12   0x000000b2   Code   RO         7685    i.UART_Receive_IT   stm32f4xx_hal_uart.o
    0x08001fc4   0x08001fc4   0x00000114   Code   RO         7686    i.UART_SetConfig    stm32f4xx_hal_uart.o
    0x080020d8   0x080020d8   0x00000036   Code   RO         7688    i.UART_Start_Receive_IT  stm32f4xx_hal_uart.o
    0x0800210e   0x0800210e   0x0000005e   Code   RO         7689    i.UART_Transmit_IT  stm32f4xx_hal_uart.o
    0x0800216c   0x0800216c   0x0000000c   Code   RO          701    i.USART1_IRQHandler  usart.o
    0x08002178   0x08002178   0x00000002   Code   RO           21    i.UsageFault_Handler  stm32f4xx_it.o
    0x0800217a   0x0800217a   0x00000002   PAD
    0x0800217c   0x0800217c   0x00000020   Code   RO         9840    i.__0printf$6       mc_w.l(printf6.o)
    0x0800219c   0x0800219c   0x00000020   Code   RO         1508    i.__NVIC_SetPriority  stm32f4xx_hal_cortex.o
    0x080021bc   0x080021bc   0x0000000e   Code   RO         9991    i.__scatterload_copy  mc_w.l(handlers.o)
    0x080021ca   0x080021ca   0x00000002   Code   RO         9992    i.__scatterload_null  mc_w.l(handlers.o)
    0x080021cc   0x080021cc   0x0000000e   Code   RO         9993    i.__scatterload_zeroinit  mc_w.l(handlers.o)
    0x080021da   0x080021da   0x00000002   PAD
    0x080021dc   0x080021dc   0x000002f0   Code   RO         9847    i._printf_core      mc_w.l(printf6.o)
    0x080024cc   0x080024cc   0x00000024   Code   RO         9848    i._printf_post_padding  mc_w.l(printf6.o)
    0x080024f0   0x080024f0   0x0000002e   Code   RO         9849    i._printf_pre_padding  mc_w.l(printf6.o)
    0x0800251e   0x0800251e   0x00000002   PAD
    0x08002520   0x08002520   0x00000028   Code   RO         9302    i.btim_timx_int_init  btim.o
    0x08002548   0x08002548   0x0000000c   Code   RO          577    i.delay_init        delay.o
    0x08002554   0x08002554   0x00000038   Code   RO          579    i.delay_us          delay.o
    0x0800258c   0x0800258c   0x00000014   Code   RO          705    i.fputc             usart.o
    0x080025a0   0x080025a0   0x00000074   Code   RO         9653    i.led_init          led.o
    0x08002614   0x08002614   0x0000000a   Code   RO          322    i.main              main.o
    0x0800261e   0x0800261e   0x00000002   PAD
    0x08002620   0x08002620   0x000000b8   Code   RO          632    i.sys_stm32_clock_init  sys.o
    0x080026d8   0x080026d8   0x00000038   Code   RO          706    i.usart_init        usart.o
    0x08002710   0x08002710   0x00000010   Data   RO          286    .constdata          system_stm32f4xx.o
    0x08002720   0x08002720   0x00000008   Data   RO          287    .constdata          system_stm32f4xx.o
    0x08002728   0x08002728   0x00000020   Data   RO         9989    Region$$Table       anon$$obj.o


    Execution Region RW_IRAM1 (Exec base: 0x20000000, Load base: 0x08002748, Size: 0x000005c0, Max: 0x00020000, ABSOLUTE)

    Exec Addr    Load Addr    Size         Type   Attr      Idx    E Section Name        Object

    0x20000000   0x08002748   0x00000004   Data   RW          288    .data               system_stm32f4xx.o
    0x20000004   0x0800274c   0x00000004   Data   RW          580    .data               delay.o
    0x20000008   0x08002750   0x00000004   Data   RW          708    .data               usart.o
    0x2000000c   0x08002754   0x00000004   Data   RW          709    .data               usart.o
    0x20000010   0x08002758   0x0000000c   Data   RW          804    .data               stm32f4xx_hal.o
    0x2000001c   0x08002764   0x0000001c   Data   RW         9261    .data               api_schedule.o
    0x20000038   0x08002780   0x00000028   Data   RW         9407    .data               ps2.o
    0x20000060        -       0x0000010c   Zero   RW          707    .bss                usart.o
    0x2000016c        -       0x00000048   Zero   RW         9303    .bss                btim.o
    0x200001b4        -       0x00000009   Zero   RW         9405    .bss                ps2.o
    0x200001bd   0x080027a8   0x00000003   PAD
    0x200001c0        -       0x00000400   Zero   RW            1    STACK               startup_stm32f405xx.o


==============================================================================

Image component sizes


      Code (inc. data)   RO Data    RW Data    ZI Data      Debug   Object Name

       120          8          0         28          0       2540   api_schedule.o
       132         30          0          0         72       3215   btim.o
        68         12          0          4          0       1468   delay.o
       116         14          0          0          0       1135   led.o
        10          0          0          0          0     564595   main.o
       562         58          0          0          0       8394   moterdriver.o
      1160        158          0         40          9      10820   ps2.o
        36          8        392          0       1024       1000   startup_stm32f405xx.o
       152         28          0         12          0       9780   stm32f4xx_hal.o
       198         14          0          0          0      34307   stm32f4xx_hal_cortex.o
       178          0          0          0          0       2239   stm32f4xx_hal_dma.o
       494         46          0          0          0       3249   stm32f4xx_hal_gpio.o
         2          0          0          0          0        574   stm32f4xx_hal_msp_template.o
      1472         76          0          0          0       6776   stm32f4xx_hal_rcc.o
      1738        140          0          0          0      13314   stm32f4xx_hal_tim.o
         4          0          0          0          0       1829   stm32f4xx_hal_tim_ex.o
      1308         16          0          0          0      10740   stm32f4xx_hal_uart.o
        20          0          0          0          0     644554   stm32f4xx_it.o
       184         12          0          0          0       1575   sys.o
        16          4         24          4          0       1595   system_stm32f4xx.o
        76          4          0          0          0       1589   task.o
       340         50          0          8        268       5497   usart.o

    ----------------------------------------------------------------------
      8408        678        448         96       1376    1330785   Object Totals
         0          0         32          0          0          0   (incl. Generated)
        22          0          0          0          3          0   (incl. Padding)

    ----------------------------------------------------------------------

      Code (inc. data)   RO Data    RW Data    ZI Data      Debug   Library Member Name

         0          0          0          0          0          0   entry.o
         0          0          0          0          0          0   entry10a.o
         0          0          0          0          0          0   entry11a.o
         4          0          0          0          0          0   entry12b.o
         8          4          0          0          0          0   entry2.o
         4          0          0          0          0          0   entry5.o
         0          0          0          0          0          0   entry7b.o
         0          0          0          0          0          0   entry8b.o
         8          4          0          0          0          0   entry9a.o
        30          0          0          0          0          0   handlers.o
        36          8          0          0          0         68   init.o
        30          0          0          0          0         68   llshl.o
        32          0          0          0          0         68   llushr.o
        36          0          0          0          0        108   memseta.o
       866         14          0          0          0        352   printf6.o
        44          0          0          0          0         80   uidiv.o
        98          0          0          0          0         92   uldiv.o

    ----------------------------------------------------------------------
      1200         30          0          0          0        836   Library Totals
         4          0          0          0          0          0   (incl. Padding)

    ----------------------------------------------------------------------

      Code (inc. data)   RO Data    RW Data    ZI Data      Debug   Library Name

      1196         30          0          0          0        836   mc_w.l

    ----------------------------------------------------------------------
      1200         30          0          0          0        836   Library Totals

    ----------------------------------------------------------------------

==============================================================================


      Code (inc. data)   RO Data    RW Data    ZI Data      Debug   

      9608        708        448         96       1376    1321261   Grand Totals
      9608        708        448         96       1376    1321261   ELF Image Totals
      9608        708        448         96          0          0   ROM Totals

==============================================================================

    Total RO  Size (Code + RO Data)                10056 (   9.82kB)
    Total RW  Size (RW Data + ZI Data)              1472 (   1.44kB)
    Total ROM Size (Code + RO Data + RW Data)      10152 (   9.91kB)

==============================================================================

