<html>
<body>
<pre>
<h1>µVision Build Log</h1>
<h2>Tool Versions:</h2>
IDE-Version: ¦ÌVision V5.38.0.0
Copyright (C) 2022 ARM Ltd and ARM Germany GmbH. All rights reserved.
License Information: ss 602320162@qq.com, ss, LIC=ATTQ1-CRF71-UH68H-W1BKM-DIAF9-X85GK
 
Tool Versions:
Toolchain:       MDK-ARM Plus  Version: 5.38.0.0
Toolchain Path:  C:\Keil_v5\ARM\ARMCC\Bin
C Compiler:      Armcc.exe V5.06 update 6 (build 750)
Assembler:       Armasm.exe V5.06 update 6 (build 750)
Linker/Locator:  ArmLink.exe V5.06 update 6 (build 750)
Library Manager: ArmAr.exe V5.06 update 6 (build 750)
Hex Converter:   FromElf.exe V5.06 update 6 (build 750)
CPU DLL:         SARMCM3.DLL V5.38.0.0
Dialog DLL:      DCM.DLL V1.17.5.0
Target DLL:      STLink\ST-LINKIII-KEIL_SWO.dll V3.1.0.0
Dialog DLL:      TCM.DLL V1.56.4.0
 
<h2>Project:</h2>
c:\Users\60232\Desktop\Project_MacnumCar\MacnumCar_Code\Projects\MDK-ARM\DaYue_STM32F405RGT6.uvprojx
Project File Date:  07/31/2024

<h2>Output:</h2>
*** Using Compiler 'V5.06 update 6 (build 750)', folder: 'C:\Keil_v5\ARM\ARMCC\Bin'
Build target 'Macnum_Car'
compiling main.c...
..\..\Drivers\./BSP/PS2/PS2.h(92): warning:  #1-D: last line of file ends without a newline
  #endif
..\..\User\main.c: 1 warning, 0 errors
compiling task.c...
..\..\Drivers\./BSP/PS2/PS2.h(92): warning:  #1-D: last line of file ends without a newline
  #endif
..\..\Drivers\BSP\TASK\task.c(52): warning:  #1-D: last line of file ends without a newline
  	
..\..\Drivers\BSP\TASK\task.c: 2 warnings, 0 errors
compiling API_Schedule.c...
..\..\Drivers\./BSP/PS2/PS2.h(92): warning:  #1-D: last line of file ends without a newline
  #endif
..\..\Drivers\BSP\API_Schedule\API_Schedule.c: 1 warning, 0 errors
compiling moterdriver.c...
..\..\Drivers\./BSP/PS2/PS2.h(92): warning:  #1-D: last line of file ends without a newline
  #endif
..\..\Drivers\BSP\MoterDrive\moterdriver.c(253): warning:  #1-D: last line of file ends without a newline
  }
..\..\Drivers\BSP\MoterDrive\moterdriver.c: 2 warnings, 0 errors
linking...
Program Size: Code=8168 RO-data=448 RW-data=104 ZI-data=1384  
FromELF: creating hex file...
"..\..\Output\DaYue_STM32F405RGT6.axf" - 0 Error(s), 6 Warning(s).

<h2>Software Packages used:</h2>

Package Vendor: Keil
                https://www.keil.com/pack/Keil.STM32F4xx_DFP.2.17.1.pack
                Keil.STM32F4xx_DFP.2.17.1
                STMicroelectronics STM32F4 Series Device Support, Drivers and Examples

<h2>Collection of Component include folders:</h2>
  C:/Users/60232/AppData/Local/Arm/Packs/Keil/STM32F4xx_DFP/2.17.1/Drivers/CMSIS/Device/ST/STM32F4xx/Include

<h2>Collection of Component Files used:</h2>
Build Time Elapsed:  00:00:14
</pre>
</body>
</html>
