<html>
<body>
<pre>
<h1>µVision Build Log</h1>
<h2>Tool Versions:</h2>
IDE-Version: ¦ÌVision V5.38.0.0
Copyright (C) 2022 ARM Ltd and ARM Germany GmbH. All rights reserved.
License Information: rehand fu@reha, HP Inc., LIC=65ISZ-JPW1A-63SMB-2C18Y-RU7XC-7M4J7
 
Tool Versions:
Toolchain:       MDK-ARM Plus  Version: 5.38.0.0
Toolchain Path:  D:\Keil_v5\ARM\ARMCC\Bin
C Compiler:      Armcc.exe V5.06 update 7 (build 960)
Assembler:       Armasm.exe V5.06 update 7 (build 960)
Linker/Locator:  ArmLink.exe V5.06 update 7 (build 960)
Library Manager: ArmAr.exe V5.06 update 7 (build 960)
Hex Converter:   FromElf.exe V5.06 update 7 (build 960)
CPU DLL:         SARMCM3.DLL V5.38.0.0
Dialog DLL:      DCM.DLL V1.17.5.0
Target DLL:      STLink\ST-LINKIII-KEIL_SWO.dll V3.1.0.0
Dialog DLL:      TCM.DLL V1.56.4.0
 
<h2>Project:</h2>
C:\Users\fu\Desktop\justforfun\My_MacnumCarBaseDemo\MacnumCar_Code\Projects\MDK-ARM\DaYue_STM32F405RGT6.uvprojx
Project File Date:  08/02/2024

<h2>Output:</h2>
*** Using Compiler 'V5.06 update 7 (build 960)', folder: 'D:\Keil_v5\ARM\ARMCC\Bin'
Build target 'Macnum_Car'
compiling PS2.c...
..\..\Drivers\./BSP/PS2/PS2.h(92): warning:  #1-D: last line of file ends without a newline
  #endif
..\..\Drivers\BSP\PS2\PS2.c(419): warning:  #223-D: function "printf" declared implicitly
      printf("\r\n %d is pressed\r\n",key);
..\..\Drivers\BSP\PS2\PS2.c(321): warning:  #177-D: variable "Handl_LX"  was declared but never referenced
      static uint8_t key,LEFT_X,LEFT_Y,RIGHT_X,RIGHT_Y,Handl_LX,Handl_LY,Handl_RX,Handl_RY;
..\..\Drivers\BSP\PS2\PS2.c(321): warning:  #177-D: variable "Handl_LY"  was declared but never referenced
      static uint8_t key,LEFT_X,LEFT_Y,RIGHT_X,RIGHT_Y,Handl_LX,Handl_LY,Handl_RX,Handl_RY;
..\..\Drivers\BSP\PS2\PS2.c(321): warning:  #177-D: variable "Handl_RX"  was declared but never referenced
      static uint8_t key,LEFT_X,LEFT_Y,RIGHT_X,RIGHT_Y,Handl_LX,Handl_LY,Handl_RX,Handl_RY;
..\..\Drivers\BSP\PS2\PS2.c(321): warning:  #177-D: variable "Handl_RY"  was declared but never referenced
      static uint8_t key,LEFT_X,LEFT_Y,RIGHT_X,RIGHT_Y,Handl_LX,Handl_LY,Handl_RX,Handl_RY;
..\..\Drivers\BSP\PS2\PS2.c: 6 warnings, 0 errors
linking...
Program Size: Code=9608 RO-data=448 RW-data=96 ZI-data=1376  
FromELF: creating hex file...
"..\..\Output\DaYue_STM32F405RGT6.axf" - 0 Error(s), 6 Warning(s).

<h2>Software Packages used:</h2>

Package Vendor: Keil
                https://www.keil.com/pack/Keil.STM32F4xx_DFP.2.17.1.pack
                Keil.STM32F4xx_DFP.2.17.1
                STMicroelectronics STM32F4 Series Device Support, Drivers and Examples

<h2>Collection of Component include folders:</h2>
  C:/Users/fu/AppData/Local/Arm/Packs/Keil/STM32F4xx_DFP/2.17.1/Drivers/CMSIS/Device/ST/STM32F4xx/Include

<h2>Collection of Component Files used:</h2>
Build Time Elapsed:  00:00:02
</pre>
</body>
</html>
